<?xml version="1.0" encoding="ISO-8859-1" ?>
<link_info>
   <banner>MSP430 Linker Unix v18.12.2.LTS</banner>
   <copyright>Copyright (c) 2003-2018 Texas Instruments Incorporated</copyright>
   <link_time>0x5d1a56fc</link_time>
   <link_errors>0x0</link_errors>
   <output_file>MSP430FR2355LCD.out</output_file>
   <entry_point>
      <name>_c_int00_noargs_mpu</name>
      <address>0xb6d4</address>
   </entry_point>
   <input_file_list>
      <input_file id="fl-2">
         <path>./</path>
         <kind>object</kind>
         <file>main.obj</file>
         <name>main.obj</name>
      </input_file>
      <input_file id="fl-3">
         <path>./</path>
         <kind>object</kind>
         <file>system_pre_init.obj</file>
         <name>system_pre_init.obj</name>
      </input_file>
      <input_file id="fl-4">
         <path>./GrLib/fonts/</path>
         <kind>object</kind>
         <file>fontcm12.obj</file>
         <name>fontcm12.obj</name>
      </input_file>
      <input_file id="fl-5">
         <path>./GrLib/fonts/</path>
         <kind>object</kind>
         <file>fontcm12b.obj</file>
         <name>fontcm12b.obj</name>
      </input_file>
      <input_file id="fl-6">
         <path>./GrLib/fonts/</path>
         <kind>object</kind>
         <file>fontcm12i.obj</file>
         <name>fontcm12i.obj</name>
      </input_file>
      <input_file id="fl-7">
         <path>./GrLib/fonts/</path>
         <kind>object</kind>
         <file>fontcm14.obj</file>
         <name>fontcm14.obj</name>
      </input_file>
      <input_file id="fl-8">
         <path>./GrLib/fonts/</path>
         <kind>object</kind>
         <file>fontcm14b.obj</file>
         <name>fontcm14b.obj</name>
      </input_file>
      <input_file id="fl-9">
         <path>./GrLib/fonts/</path>
         <kind>object</kind>
         <file>fontcm14i.obj</file>
         <name>fontcm14i.obj</name>
      </input_file>
      <input_file id="fl-a">
         <path>./GrLib/fonts/</path>
         <kind>object</kind>
         <file>fontcm16.obj</file>
         <name>fontcm16.obj</name>
      </input_file>
      <input_file id="fl-b">
         <path>./GrLib/fonts/</path>
         <kind>object</kind>
         <file>fontcm16b.obj</file>
         <name>fontcm16b.obj</name>
      </input_file>
      <input_file id="fl-c">
         <path>./GrLib/fonts/</path>
         <kind>object</kind>
         <file>fontcm16i.obj</file>
         <name>fontcm16i.obj</name>
      </input_file>
      <input_file id="fl-d">
         <path>./GrLib/fonts/</path>
         <kind>object</kind>
         <file>fontcm18.obj</file>
         <name>fontcm18.obj</name>
      </input_file>
      <input_file id="fl-e">
         <path>./GrLib/fonts/</path>
         <kind>object</kind>
         <file>fontcm18b.obj</file>
         <name>fontcm18b.obj</name>
      </input_file>
      <input_file id="fl-f">
         <path>./GrLib/fonts/</path>
         <kind>object</kind>
         <file>fontcm18i.obj</file>
         <name>fontcm18i.obj</name>
      </input_file>
      <input_file id="fl-10">
         <path>./GrLib/fonts/</path>
         <kind>object</kind>
         <file>fontcm20.obj</file>
         <name>fontcm20.obj</name>
      </input_file>
      <input_file id="fl-11">
         <path>./GrLib/fonts/</path>
         <kind>object</kind>
         <file>fontcm20b.obj</file>
         <name>fontcm20b.obj</name>
      </input_file>
      <input_file id="fl-12">
         <path>./GrLib/fonts/</path>
         <kind>object</kind>
         <file>fontcm20i.obj</file>
         <name>fontcm20i.obj</name>
      </input_file>
      <input_file id="fl-13">
         <path>./GrLib/fonts/</path>
         <kind>object</kind>
         <file>fontcm22.obj</file>
         <name>fontcm22.obj</name>
      </input_file>
      <input_file id="fl-14">
         <path>./GrLib/fonts/</path>
         <kind>object</kind>
         <file>fontcm22b.obj</file>
         <name>fontcm22b.obj</name>
      </input_file>
      <input_file id="fl-15">
         <path>./GrLib/fonts/</path>
         <kind>object</kind>
         <file>fontcm22i.obj</file>
         <name>fontcm22i.obj</name>
      </input_file>
      <input_file id="fl-16">
         <path>./GrLib/fonts/</path>
         <kind>object</kind>
         <file>fontcm24.obj</file>
         <name>fontcm24.obj</name>
      </input_file>
      <input_file id="fl-17">
         <path>./GrLib/fonts/</path>
         <kind>object</kind>
         <file>fontcm24b.obj</file>
         <name>fontcm24b.obj</name>
      </input_file>
      <input_file id="fl-18">
         <path>./GrLib/fonts/</path>
         <kind>object</kind>
         <file>fontcm24i.obj</file>
         <name>fontcm24i.obj</name>
      </input_file>
      <input_file id="fl-19">
         <path>./GrLib/fonts/</path>
         <kind>object</kind>
         <file>fontcm26.obj</file>
         <name>fontcm26.obj</name>
      </input_file>
      <input_file id="fl-1a">
         <path>./GrLib/fonts/</path>
         <kind>object</kind>
         <file>fontcm26b.obj</file>
         <name>fontcm26b.obj</name>
      </input_file>
      <input_file id="fl-1b">
         <path>./GrLib/fonts/</path>
         <kind>object</kind>
         <file>fontcm26i.obj</file>
         <name>fontcm26i.obj</name>
      </input_file>
      <input_file id="fl-1c">
         <path>./GrLib/fonts/</path>
         <kind>object</kind>
         <file>fontcm28.obj</file>
         <name>fontcm28.obj</name>
      </input_file>
      <input_file id="fl-1d">
         <path>./GrLib/fonts/</path>
         <kind>object</kind>
         <file>fontcm28b.obj</file>
         <name>fontcm28b.obj</name>
      </input_file>
      <input_file id="fl-1e">
         <path>./GrLib/fonts/</path>
         <kind>object</kind>
         <file>fontcm28i.obj</file>
         <name>fontcm28i.obj</name>
      </input_file>
      <input_file id="fl-1f">
         <path>./GrLib/fonts/</path>
         <kind>object</kind>
         <file>fontcm30.obj</file>
         <name>fontcm30.obj</name>
      </input_file>
      <input_file id="fl-20">
         <path>./GrLib/fonts/</path>
         <kind>object</kind>
         <file>fontcm30b.obj</file>
         <name>fontcm30b.obj</name>
      </input_file>
      <input_file id="fl-21">
         <path>./GrLib/fonts/</path>
         <kind>object</kind>
         <file>fontcm30i.obj</file>
         <name>fontcm30i.obj</name>
      </input_file>
      <input_file id="fl-22">
         <path>./GrLib/fonts/</path>
         <kind>object</kind>
         <file>fontcm32.obj</file>
         <name>fontcm32.obj</name>
      </input_file>
      <input_file id="fl-23">
         <path>./GrLib/fonts/</path>
         <kind>object</kind>
         <file>fontcm32b.obj</file>
         <name>fontcm32b.obj</name>
      </input_file>
      <input_file id="fl-24">
         <path>./GrLib/fonts/</path>
         <kind>object</kind>
         <file>fontcm32i.obj</file>
         <name>fontcm32i.obj</name>
      </input_file>
      <input_file id="fl-25">
         <path>./GrLib/fonts/</path>
         <kind>object</kind>
         <file>fontcm34.obj</file>
         <name>fontcm34.obj</name>
      </input_file>
      <input_file id="fl-26">
         <path>./GrLib/fonts/</path>
         <kind>object</kind>
         <file>fontcm34b.obj</file>
         <name>fontcm34b.obj</name>
      </input_file>
      <input_file id="fl-27">
         <path>./GrLib/fonts/</path>
         <kind>object</kind>
         <file>fontcm34i.obj</file>
         <name>fontcm34i.obj</name>
      </input_file>
      <input_file id="fl-28">
         <path>./GrLib/fonts/</path>
         <kind>object</kind>
         <file>fontcm36.obj</file>
         <name>fontcm36.obj</name>
      </input_file>
      <input_file id="fl-29">
         <path>./GrLib/fonts/</path>
         <kind>object</kind>
         <file>fontcm36b.obj</file>
         <name>fontcm36b.obj</name>
      </input_file>
      <input_file id="fl-2a">
         <path>./GrLib/fonts/</path>
         <kind>object</kind>
         <file>fontcm36i.obj</file>
         <name>fontcm36i.obj</name>
      </input_file>
      <input_file id="fl-2b">
         <path>./GrLib/fonts/</path>
         <kind>object</kind>
         <file>fontcm38.obj</file>
         <name>fontcm38.obj</name>
      </input_file>
      <input_file id="fl-2c">
         <path>./GrLib/fonts/</path>
         <kind>object</kind>
         <file>fontcm38b.obj</file>
         <name>fontcm38b.obj</name>
      </input_file>
      <input_file id="fl-2d">
         <path>./GrLib/fonts/</path>
         <kind>object</kind>
         <file>fontcm38i.obj</file>
         <name>fontcm38i.obj</name>
      </input_file>
      <input_file id="fl-2e">
         <path>./GrLib/fonts/</path>
         <kind>object</kind>
         <file>fontcm40.obj</file>
         <name>fontcm40.obj</name>
      </input_file>
      <input_file id="fl-2f">
         <path>./GrLib/fonts/</path>
         <kind>object</kind>
         <file>fontcm40b.obj</file>
         <name>fontcm40b.obj</name>
      </input_file>
      <input_file id="fl-30">
         <path>./GrLib/fonts/</path>
         <kind>object</kind>
         <file>fontcm40i.obj</file>
         <name>fontcm40i.obj</name>
      </input_file>
      <input_file id="fl-31">
         <path>./GrLib/fonts/</path>
         <kind>object</kind>
         <file>fontcm42.obj</file>
         <name>fontcm42.obj</name>
      </input_file>
      <input_file id="fl-32">
         <path>./GrLib/fonts/</path>
         <kind>object</kind>
         <file>fontcm42b.obj</file>
         <name>fontcm42b.obj</name>
      </input_file>
      <input_file id="fl-33">
         <path>./GrLib/fonts/</path>
         <kind>object</kind>
         <file>fontcm42i.obj</file>
         <name>fontcm42i.obj</name>
      </input_file>
      <input_file id="fl-34">
         <path>./GrLib/fonts/</path>
         <kind>object</kind>
         <file>fontcm44.obj</file>
         <name>fontcm44.obj</name>
      </input_file>
      <input_file id="fl-35">
         <path>./GrLib/fonts/</path>
         <kind>object</kind>
         <file>fontcm44b.obj</file>
         <name>fontcm44b.obj</name>
      </input_file>
      <input_file id="fl-36">
         <path>./GrLib/fonts/</path>
         <kind>object</kind>
         <file>fontcm44i.obj</file>
         <name>fontcm44i.obj</name>
      </input_file>
      <input_file id="fl-37">
         <path>./GrLib/fonts/</path>
         <kind>object</kind>
         <file>fontcm46.obj</file>
         <name>fontcm46.obj</name>
      </input_file>
      <input_file id="fl-38">
         <path>./GrLib/fonts/</path>
         <kind>object</kind>
         <file>fontcm46b.obj</file>
         <name>fontcm46b.obj</name>
      </input_file>
      <input_file id="fl-39">
         <path>./GrLib/fonts/</path>
         <kind>object</kind>
         <file>fontcm46i.obj</file>
         <name>fontcm46i.obj</name>
      </input_file>
      <input_file id="fl-3a">
         <path>./GrLib/fonts/</path>
         <kind>object</kind>
         <file>fontcm48.obj</file>
         <name>fontcm48.obj</name>
      </input_file>
      <input_file id="fl-3b">
         <path>./GrLib/fonts/</path>
         <kind>object</kind>
         <file>fontcm48b.obj</file>
         <name>fontcm48b.obj</name>
      </input_file>
      <input_file id="fl-3c">
         <path>./GrLib/fonts/</path>
         <kind>object</kind>
         <file>fontcm48i.obj</file>
         <name>fontcm48i.obj</name>
      </input_file>
      <input_file id="fl-3d">
         <path>./GrLib/fonts/</path>
         <kind>object</kind>
         <file>fontcmsc12.obj</file>
         <name>fontcmsc12.obj</name>
      </input_file>
      <input_file id="fl-3e">
         <path>./GrLib/fonts/</path>
         <kind>object</kind>
         <file>fontcmsc14.obj</file>
         <name>fontcmsc14.obj</name>
      </input_file>
      <input_file id="fl-3f">
         <path>./GrLib/fonts/</path>
         <kind>object</kind>
         <file>fontcmsc16.obj</file>
         <name>fontcmsc16.obj</name>
      </input_file>
      <input_file id="fl-40">
         <path>./GrLib/fonts/</path>
         <kind>object</kind>
         <file>fontcmsc18.obj</file>
         <name>fontcmsc18.obj</name>
      </input_file>
      <input_file id="fl-41">
         <path>./GrLib/fonts/</path>
         <kind>object</kind>
         <file>fontcmsc20.obj</file>
         <name>fontcmsc20.obj</name>
      </input_file>
      <input_file id="fl-42">
         <path>./GrLib/fonts/</path>
         <kind>object</kind>
         <file>fontcmsc22.obj</file>
         <name>fontcmsc22.obj</name>
      </input_file>
      <input_file id="fl-43">
         <path>./GrLib/fonts/</path>
         <kind>object</kind>
         <file>fontcmsc24.obj</file>
         <name>fontcmsc24.obj</name>
      </input_file>
      <input_file id="fl-44">
         <path>./GrLib/fonts/</path>
         <kind>object</kind>
         <file>fontcmsc26.obj</file>
         <name>fontcmsc26.obj</name>
      </input_file>
      <input_file id="fl-45">
         <path>./GrLib/fonts/</path>
         <kind>object</kind>
         <file>fontcmsc28.obj</file>
         <name>fontcmsc28.obj</name>
      </input_file>
      <input_file id="fl-46">
         <path>./GrLib/fonts/</path>
         <kind>object</kind>
         <file>fontcmsc30.obj</file>
         <name>fontcmsc30.obj</name>
      </input_file>
      <input_file id="fl-47">
         <path>./GrLib/fonts/</path>
         <kind>object</kind>
         <file>fontcmsc32.obj</file>
         <name>fontcmsc32.obj</name>
      </input_file>
      <input_file id="fl-48">
         <path>./GrLib/fonts/</path>
         <kind>object</kind>
         <file>fontcmsc34.obj</file>
         <name>fontcmsc34.obj</name>
      </input_file>
      <input_file id="fl-49">
         <path>./GrLib/fonts/</path>
         <kind>object</kind>
         <file>fontcmsc36.obj</file>
         <name>fontcmsc36.obj</name>
      </input_file>
      <input_file id="fl-4a">
         <path>./GrLib/fonts/</path>
         <kind>object</kind>
         <file>fontcmsc38.obj</file>
         <name>fontcmsc38.obj</name>
      </input_file>
      <input_file id="fl-4b">
         <path>./GrLib/fonts/</path>
         <kind>object</kind>
         <file>fontcmsc40.obj</file>
         <name>fontcmsc40.obj</name>
      </input_file>
      <input_file id="fl-4c">
         <path>./GrLib/fonts/</path>
         <kind>object</kind>
         <file>fontcmsc42.obj</file>
         <name>fontcmsc42.obj</name>
      </input_file>
      <input_file id="fl-4d">
         <path>./GrLib/fonts/</path>
         <kind>object</kind>
         <file>fontcmsc44.obj</file>
         <name>fontcmsc44.obj</name>
      </input_file>
      <input_file id="fl-4e">
         <path>./GrLib/fonts/</path>
         <kind>object</kind>
         <file>fontcmsc46.obj</file>
         <name>fontcmsc46.obj</name>
      </input_file>
      <input_file id="fl-4f">
         <path>./GrLib/fonts/</path>
         <kind>object</kind>
         <file>fontcmsc48.obj</file>
         <name>fontcmsc48.obj</name>
      </input_file>
      <input_file id="fl-50">
         <path>./GrLib/fonts/</path>
         <kind>object</kind>
         <file>fontcmss12.obj</file>
         <name>fontcmss12.obj</name>
      </input_file>
      <input_file id="fl-51">
         <path>./GrLib/fonts/</path>
         <kind>object</kind>
         <file>fontcmss12b.obj</file>
         <name>fontcmss12b.obj</name>
      </input_file>
      <input_file id="fl-52">
         <path>./GrLib/fonts/</path>
         <kind>object</kind>
         <file>fontcmss12i.obj</file>
         <name>fontcmss12i.obj</name>
      </input_file>
      <input_file id="fl-53">
         <path>./GrLib/fonts/</path>
         <kind>object</kind>
         <file>fontcmss14.obj</file>
         <name>fontcmss14.obj</name>
      </input_file>
      <input_file id="fl-54">
         <path>./GrLib/fonts/</path>
         <kind>object</kind>
         <file>fontcmss14b.obj</file>
         <name>fontcmss14b.obj</name>
      </input_file>
      <input_file id="fl-55">
         <path>./GrLib/fonts/</path>
         <kind>object</kind>
         <file>fontcmss14i.obj</file>
         <name>fontcmss14i.obj</name>
      </input_file>
      <input_file id="fl-56">
         <path>./GrLib/fonts/</path>
         <kind>object</kind>
         <file>fontcmss16.obj</file>
         <name>fontcmss16.obj</name>
      </input_file>
      <input_file id="fl-57">
         <path>./GrLib/fonts/</path>
         <kind>object</kind>
         <file>fontcmss16b.obj</file>
         <name>fontcmss16b.obj</name>
      </input_file>
      <input_file id="fl-58">
         <path>./GrLib/fonts/</path>
         <kind>object</kind>
         <file>fontcmss16i.obj</file>
         <name>fontcmss16i.obj</name>
      </input_file>
      <input_file id="fl-59">
         <path>./GrLib/fonts/</path>
         <kind>object</kind>
         <file>fontcmss18.obj</file>
         <name>fontcmss18.obj</name>
      </input_file>
      <input_file id="fl-5a">
         <path>./GrLib/fonts/</path>
         <kind>object</kind>
         <file>fontcmss18b.obj</file>
         <name>fontcmss18b.obj</name>
      </input_file>
      <input_file id="fl-5b">
         <path>./GrLib/fonts/</path>
         <kind>object</kind>
         <file>fontcmss18i.obj</file>
         <name>fontcmss18i.obj</name>
      </input_file>
      <input_file id="fl-5c">
         <path>./GrLib/fonts/</path>
         <kind>object</kind>
         <file>fontcmss20.obj</file>
         <name>fontcmss20.obj</name>
      </input_file>
      <input_file id="fl-5d">
         <path>./GrLib/fonts/</path>
         <kind>object</kind>
         <file>fontcmss20b.obj</file>
         <name>fontcmss20b.obj</name>
      </input_file>
      <input_file id="fl-5e">
         <path>./GrLib/fonts/</path>
         <kind>object</kind>
         <file>fontcmss20i.obj</file>
         <name>fontcmss20i.obj</name>
      </input_file>
      <input_file id="fl-5f">
         <path>./GrLib/fonts/</path>
         <kind>object</kind>
         <file>fontcmss22.obj</file>
         <name>fontcmss22.obj</name>
      </input_file>
      <input_file id="fl-60">
         <path>./GrLib/fonts/</path>
         <kind>object</kind>
         <file>fontcmss22b.obj</file>
         <name>fontcmss22b.obj</name>
      </input_file>
      <input_file id="fl-61">
         <path>./GrLib/fonts/</path>
         <kind>object</kind>
         <file>fontcmss22i.obj</file>
         <name>fontcmss22i.obj</name>
      </input_file>
      <input_file id="fl-62">
         <path>./GrLib/fonts/</path>
         <kind>object</kind>
         <file>fontcmss24.obj</file>
         <name>fontcmss24.obj</name>
      </input_file>
      <input_file id="fl-63">
         <path>./GrLib/fonts/</path>
         <kind>object</kind>
         <file>fontcmss24b.obj</file>
         <name>fontcmss24b.obj</name>
      </input_file>
      <input_file id="fl-64">
         <path>./GrLib/fonts/</path>
         <kind>object</kind>
         <file>fontcmss24i.obj</file>
         <name>fontcmss24i.obj</name>
      </input_file>
      <input_file id="fl-65">
         <path>./GrLib/fonts/</path>
         <kind>object</kind>
         <file>fontcmss26.obj</file>
         <name>fontcmss26.obj</name>
      </input_file>
      <input_file id="fl-66">
         <path>./GrLib/fonts/</path>
         <kind>object</kind>
         <file>fontcmss26b.obj</file>
         <name>fontcmss26b.obj</name>
      </input_file>
      <input_file id="fl-67">
         <path>./GrLib/fonts/</path>
         <kind>object</kind>
         <file>fontcmss26i.obj</file>
         <name>fontcmss26i.obj</name>
      </input_file>
      <input_file id="fl-68">
         <path>./GrLib/fonts/</path>
         <kind>object</kind>
         <file>fontcmss28.obj</file>
         <name>fontcmss28.obj</name>
      </input_file>
      <input_file id="fl-69">
         <path>./GrLib/fonts/</path>
         <kind>object</kind>
         <file>fontcmss28b.obj</file>
         <name>fontcmss28b.obj</name>
      </input_file>
      <input_file id="fl-6a">
         <path>./GrLib/fonts/</path>
         <kind>object</kind>
         <file>fontcmss28i.obj</file>
         <name>fontcmss28i.obj</name>
      </input_file>
      <input_file id="fl-6b">
         <path>./GrLib/fonts/</path>
         <kind>object</kind>
         <file>fontcmss30.obj</file>
         <name>fontcmss30.obj</name>
      </input_file>
      <input_file id="fl-6c">
         <path>./GrLib/fonts/</path>
         <kind>object</kind>
         <file>fontcmss30b.obj</file>
         <name>fontcmss30b.obj</name>
      </input_file>
      <input_file id="fl-6d">
         <path>./GrLib/fonts/</path>
         <kind>object</kind>
         <file>fontcmss30i.obj</file>
         <name>fontcmss30i.obj</name>
      </input_file>
      <input_file id="fl-6e">
         <path>./GrLib/fonts/</path>
         <kind>object</kind>
         <file>fontcmss32.obj</file>
         <name>fontcmss32.obj</name>
      </input_file>
      <input_file id="fl-6f">
         <path>./GrLib/fonts/</path>
         <kind>object</kind>
         <file>fontcmss32b.obj</file>
         <name>fontcmss32b.obj</name>
      </input_file>
      <input_file id="fl-70">
         <path>./GrLib/fonts/</path>
         <kind>object</kind>
         <file>fontcmss32i.obj</file>
         <name>fontcmss32i.obj</name>
      </input_file>
      <input_file id="fl-71">
         <path>./GrLib/fonts/</path>
         <kind>object</kind>
         <file>fontcmss34.obj</file>
         <name>fontcmss34.obj</name>
      </input_file>
      <input_file id="fl-72">
         <path>./GrLib/fonts/</path>
         <kind>object</kind>
         <file>fontcmss34b.obj</file>
         <name>fontcmss34b.obj</name>
      </input_file>
      <input_file id="fl-73">
         <path>./GrLib/fonts/</path>
         <kind>object</kind>
         <file>fontcmss34i.obj</file>
         <name>fontcmss34i.obj</name>
      </input_file>
      <input_file id="fl-74">
         <path>./GrLib/fonts/</path>
         <kind>object</kind>
         <file>fontcmss36.obj</file>
         <name>fontcmss36.obj</name>
      </input_file>
      <input_file id="fl-75">
         <path>./GrLib/fonts/</path>
         <kind>object</kind>
         <file>fontcmss36b.obj</file>
         <name>fontcmss36b.obj</name>
      </input_file>
      <input_file id="fl-76">
         <path>./GrLib/fonts/</path>
         <kind>object</kind>
         <file>fontcmss36i.obj</file>
         <name>fontcmss36i.obj</name>
      </input_file>
      <input_file id="fl-77">
         <path>./GrLib/fonts/</path>
         <kind>object</kind>
         <file>fontcmss38.obj</file>
         <name>fontcmss38.obj</name>
      </input_file>
      <input_file id="fl-78">
         <path>./GrLib/fonts/</path>
         <kind>object</kind>
         <file>fontcmss38b.obj</file>
         <name>fontcmss38b.obj</name>
      </input_file>
      <input_file id="fl-79">
         <path>./GrLib/fonts/</path>
         <kind>object</kind>
         <file>fontcmss38i.obj</file>
         <name>fontcmss38i.obj</name>
      </input_file>
      <input_file id="fl-7a">
         <path>./GrLib/fonts/</path>
         <kind>object</kind>
         <file>fontcmss40.obj</file>
         <name>fontcmss40.obj</name>
      </input_file>
      <input_file id="fl-7b">
         <path>./GrLib/fonts/</path>
         <kind>object</kind>
         <file>fontcmss40b.obj</file>
         <name>fontcmss40b.obj</name>
      </input_file>
      <input_file id="fl-7c">
         <path>./GrLib/fonts/</path>
         <kind>object</kind>
         <file>fontcmss40i.obj</file>
         <name>fontcmss40i.obj</name>
      </input_file>
      <input_file id="fl-7d">
         <path>./GrLib/fonts/</path>
         <kind>object</kind>
         <file>fontcmss42.obj</file>
         <name>fontcmss42.obj</name>
      </input_file>
      <input_file id="fl-7e">
         <path>./GrLib/fonts/</path>
         <kind>object</kind>
         <file>fontcmss42b.obj</file>
         <name>fontcmss42b.obj</name>
      </input_file>
      <input_file id="fl-7f">
         <path>./GrLib/fonts/</path>
         <kind>object</kind>
         <file>fontcmss42i.obj</file>
         <name>fontcmss42i.obj</name>
      </input_file>
      <input_file id="fl-80">
         <path>./GrLib/fonts/</path>
         <kind>object</kind>
         <file>fontcmss44.obj</file>
         <name>fontcmss44.obj</name>
      </input_file>
      <input_file id="fl-81">
         <path>./GrLib/fonts/</path>
         <kind>object</kind>
         <file>fontcmss44b.obj</file>
         <name>fontcmss44b.obj</name>
      </input_file>
      <input_file id="fl-82">
         <path>./GrLib/fonts/</path>
         <kind>object</kind>
         <file>fontcmss44i.obj</file>
         <name>fontcmss44i.obj</name>
      </input_file>
      <input_file id="fl-83">
         <path>./GrLib/fonts/</path>
         <kind>object</kind>
         <file>fontcmss46.obj</file>
         <name>fontcmss46.obj</name>
      </input_file>
      <input_file id="fl-84">
         <path>./GrLib/fonts/</path>
         <kind>object</kind>
         <file>fontcmss46b.obj</file>
         <name>fontcmss46b.obj</name>
      </input_file>
      <input_file id="fl-85">
         <path>./GrLib/fonts/</path>
         <kind>object</kind>
         <file>fontcmss46i.obj</file>
         <name>fontcmss46i.obj</name>
      </input_file>
      <input_file id="fl-86">
         <path>./GrLib/fonts/</path>
         <kind>object</kind>
         <file>fontcmss48.obj</file>
         <name>fontcmss48.obj</name>
      </input_file>
      <input_file id="fl-87">
         <path>./GrLib/fonts/</path>
         <kind>object</kind>
         <file>fontcmss48b.obj</file>
         <name>fontcmss48b.obj</name>
      </input_file>
      <input_file id="fl-88">
         <path>./GrLib/fonts/</path>
         <kind>object</kind>
         <file>fontcmss48i.obj</file>
         <name>fontcmss48i.obj</name>
      </input_file>
      <input_file id="fl-89">
         <path>./GrLib/fonts/</path>
         <kind>object</kind>
         <file>fontcmtt12.obj</file>
         <name>fontcmtt12.obj</name>
      </input_file>
      <input_file id="fl-8a">
         <path>./GrLib/fonts/</path>
         <kind>object</kind>
         <file>fontcmtt14.obj</file>
         <name>fontcmtt14.obj</name>
      </input_file>
      <input_file id="fl-8b">
         <path>./GrLib/fonts/</path>
         <kind>object</kind>
         <file>fontcmtt16.obj</file>
         <name>fontcmtt16.obj</name>
      </input_file>
      <input_file id="fl-8c">
         <path>./GrLib/fonts/</path>
         <kind>object</kind>
         <file>fontcmtt18.obj</file>
         <name>fontcmtt18.obj</name>
      </input_file>
      <input_file id="fl-8d">
         <path>./GrLib/fonts/</path>
         <kind>object</kind>
         <file>fontcmtt20.obj</file>
         <name>fontcmtt20.obj</name>
      </input_file>
      <input_file id="fl-8e">
         <path>./GrLib/fonts/</path>
         <kind>object</kind>
         <file>fontcmtt22.obj</file>
         <name>fontcmtt22.obj</name>
      </input_file>
      <input_file id="fl-8f">
         <path>./GrLib/fonts/</path>
         <kind>object</kind>
         <file>fontcmtt24.obj</file>
         <name>fontcmtt24.obj</name>
      </input_file>
      <input_file id="fl-90">
         <path>./GrLib/fonts/</path>
         <kind>object</kind>
         <file>fontcmtt26.obj</file>
         <name>fontcmtt26.obj</name>
      </input_file>
      <input_file id="fl-91">
         <path>./GrLib/fonts/</path>
         <kind>object</kind>
         <file>fontcmtt28.obj</file>
         <name>fontcmtt28.obj</name>
      </input_file>
      <input_file id="fl-92">
         <path>./GrLib/fonts/</path>
         <kind>object</kind>
         <file>fontcmtt30.obj</file>
         <name>fontcmtt30.obj</name>
      </input_file>
      <input_file id="fl-93">
         <path>./GrLib/fonts/</path>
         <kind>object</kind>
         <file>fontcmtt32.obj</file>
         <name>fontcmtt32.obj</name>
      </input_file>
      <input_file id="fl-94">
         <path>./GrLib/fonts/</path>
         <kind>object</kind>
         <file>fontcmtt34.obj</file>
         <name>fontcmtt34.obj</name>
      </input_file>
      <input_file id="fl-95">
         <path>./GrLib/fonts/</path>
         <kind>object</kind>
         <file>fontcmtt36.obj</file>
         <name>fontcmtt36.obj</name>
      </input_file>
      <input_file id="fl-96">
         <path>./GrLib/fonts/</path>
         <kind>object</kind>
         <file>fontcmtt38.obj</file>
         <name>fontcmtt38.obj</name>
      </input_file>
      <input_file id="fl-97">
         <path>./GrLib/fonts/</path>
         <kind>object</kind>
         <file>fontcmtt40.obj</file>
         <name>fontcmtt40.obj</name>
      </input_file>
      <input_file id="fl-98">
         <path>./GrLib/fonts/</path>
         <kind>object</kind>
         <file>fontcmtt42.obj</file>
         <name>fontcmtt42.obj</name>
      </input_file>
      <input_file id="fl-99">
         <path>./GrLib/fonts/</path>
         <kind>object</kind>
         <file>fontcmtt44.obj</file>
         <name>fontcmtt44.obj</name>
      </input_file>
      <input_file id="fl-9a">
         <path>./GrLib/fonts/</path>
         <kind>object</kind>
         <file>fontcmtt46.obj</file>
         <name>fontcmtt46.obj</name>
      </input_file>
      <input_file id="fl-9b">
         <path>./GrLib/fonts/</path>
         <kind>object</kind>
         <file>fontcmtt48.obj</file>
         <name>fontcmtt48.obj</name>
      </input_file>
      <input_file id="fl-9c">
         <path>./GrLib/fonts/</path>
         <kind>object</kind>
         <file>fontfixed6x8.obj</file>
         <name>fontfixed6x8.obj</name>
      </input_file>
      <input_file id="fl-9d">
         <path>./GrLib/grlib/</path>
         <kind>object</kind>
         <file>button.obj</file>
         <name>button.obj</name>
      </input_file>
      <input_file id="fl-9e">
         <path>./GrLib/grlib/</path>
         <kind>object</kind>
         <file>checkbox.obj</file>
         <name>checkbox.obj</name>
      </input_file>
      <input_file id="fl-9f">
         <path>./GrLib/grlib/</path>
         <kind>object</kind>
         <file>circle.obj</file>
         <name>circle.obj</name>
      </input_file>
      <input_file id="fl-a0">
         <path>./GrLib/grlib/</path>
         <kind>object</kind>
         <file>context.obj</file>
         <name>context.obj</name>
      </input_file>
      <input_file id="fl-a1">
         <path>./GrLib/grlib/</path>
         <kind>object</kind>
         <file>display.obj</file>
         <name>display.obj</name>
      </input_file>
      <input_file id="fl-a2">
         <path>./GrLib/grlib/</path>
         <kind>object</kind>
         <file>image.obj</file>
         <name>image.obj</name>
      </input_file>
      <input_file id="fl-a3">
         <path>./GrLib/grlib/</path>
         <kind>object</kind>
         <file>imageButton.obj</file>
         <name>imageButton.obj</name>
      </input_file>
      <input_file id="fl-a4">
         <path>./GrLib/grlib/</path>
         <kind>object</kind>
         <file>line.obj</file>
         <name>line.obj</name>
      </input_file>
      <input_file id="fl-a5">
         <path>./GrLib/grlib/</path>
         <kind>object</kind>
         <file>radioButton.obj</file>
         <name>radioButton.obj</name>
      </input_file>
      <input_file id="fl-a6">
         <path>./GrLib/grlib/</path>
         <kind>object</kind>
         <file>rectangle.obj</file>
         <name>rectangle.obj</name>
      </input_file>
      <input_file id="fl-a7">
         <path>./GrLib/grlib/</path>
         <kind>object</kind>
         <file>string.obj</file>
         <name>string.obj</name>
      </input_file>
      <input_file id="fl-a8">
         <path>./LcdDriver/</path>
         <kind>object</kind>
         <file>HAL_MSP_EXP430FR2355_Sharp128x128.obj</file>
         <name>HAL_MSP_EXP430FR2355_Sharp128x128.obj</name>
      </input_file>
      <input_file id="fl-a9">
         <path>./LcdDriver/</path>
         <kind>object</kind>
         <file>Sharp128x128.obj</file>
         <name>Sharp128x128.obj</name>
      </input_file>
      <input_file id="fl-aa">
         <path>./MSP430FR2xx_4xx/</path>
         <kind>object</kind>
         <file>adc.obj</file>
         <name>adc.obj</name>
      </input_file>
      <input_file id="fl-ab">
         <path>./MSP430FR2xx_4xx/</path>
         <kind>object</kind>
         <file>crc.obj</file>
         <name>crc.obj</name>
      </input_file>
      <input_file id="fl-ac">
         <path>./MSP430FR2xx_4xx/</path>
         <kind>object</kind>
         <file>cs.obj</file>
         <name>cs.obj</name>
      </input_file>
      <input_file id="fl-ad">
         <path>./MSP430FR2xx_4xx/</path>
         <kind>object</kind>
         <file>ecomp.obj</file>
         <name>ecomp.obj</name>
      </input_file>
      <input_file id="fl-ae">
         <path>./MSP430FR2xx_4xx/</path>
         <kind>object</kind>
         <file>eusci_a_spi.obj</file>
         <name>eusci_a_spi.obj</name>
      </input_file>
      <input_file id="fl-af">
         <path>./MSP430FR2xx_4xx/</path>
         <kind>object</kind>
         <file>eusci_a_uart.obj</file>
         <name>eusci_a_uart.obj</name>
      </input_file>
      <input_file id="fl-b0">
         <path>./MSP430FR2xx_4xx/</path>
         <kind>object</kind>
         <file>eusci_b_i2c.obj</file>
         <name>eusci_b_i2c.obj</name>
      </input_file>
      <input_file id="fl-b1">
         <path>./MSP430FR2xx_4xx/</path>
         <kind>object</kind>
         <file>eusci_b_spi.obj</file>
         <name>eusci_b_spi.obj</name>
      </input_file>
      <input_file id="fl-b2">
         <path>./MSP430FR2xx_4xx/</path>
         <kind>object</kind>
         <file>framctl.obj</file>
         <name>framctl.obj</name>
      </input_file>
      <input_file id="fl-b3">
         <path>./MSP430FR2xx_4xx/</path>
         <kind>object</kind>
         <file>gpio.obj</file>
         <name>gpio.obj</name>
      </input_file>
      <input_file id="fl-b4">
         <path>./MSP430FR2xx_4xx/</path>
         <kind>object</kind>
         <file>icc.obj</file>
         <name>icc.obj</name>
      </input_file>
      <input_file id="fl-b5">
         <path>./MSP430FR2xx_4xx/</path>
         <kind>object</kind>
         <file>lcd_e.obj</file>
         <name>lcd_e.obj</name>
      </input_file>
      <input_file id="fl-b6">
         <path>./MSP430FR2xx_4xx/</path>
         <kind>object</kind>
         <file>mpy32.obj</file>
         <name>mpy32.obj</name>
      </input_file>
      <input_file id="fl-b7">
         <path>./MSP430FR2xx_4xx/</path>
         <kind>object</kind>
         <file>pmm.obj</file>
         <name>pmm.obj</name>
      </input_file>
      <input_file id="fl-b8">
         <path>./MSP430FR2xx_4xx/</path>
         <kind>object</kind>
         <file>rtc.obj</file>
         <name>rtc.obj</name>
      </input_file>
      <input_file id="fl-b9">
         <path>./MSP430FR2xx_4xx/</path>
         <kind>object</kind>
         <file>sac.obj</file>
         <name>sac.obj</name>
      </input_file>
      <input_file id="fl-ba">
         <path>./MSP430FR2xx_4xx/</path>
         <kind>object</kind>
         <file>sfr.obj</file>
         <name>sfr.obj</name>
      </input_file>
      <input_file id="fl-bb">
         <path>./MSP430FR2xx_4xx/</path>
         <kind>object</kind>
         <file>sysctl.obj</file>
         <name>sysctl.obj</name>
      </input_file>
      <input_file id="fl-bc">
         <path>./MSP430FR2xx_4xx/</path>
         <kind>object</kind>
         <file>tia.obj</file>
         <name>tia.obj</name>
      </input_file>
      <input_file id="fl-bd">
         <path>./MSP430FR2xx_4xx/</path>
         <kind>object</kind>
         <file>timer_a.obj</file>
         <name>timer_a.obj</name>
      </input_file>
      <input_file id="fl-be">
         <path>./MSP430FR2xx_4xx/</path>
         <kind>object</kind>
         <file>timer_b.obj</file>
         <name>timer_b.obj</name>
      </input_file>
      <input_file id="fl-bf">
         <path>./MSP430FR2xx_4xx/</path>
         <kind>object</kind>
         <file>tlv.obj</file>
         <name>tlv.obj</name>
      </input_file>
      <input_file id="fl-c0">
         <path>./MSP430FR2xx_4xx/</path>
         <kind>object</kind>
         <file>wdt_a.obj</file>
         <name>wdt_a.obj</name>
      </input_file>
      <input_file id="fl-c1">
         <path>./images/</path>
         <kind>object</kind>
         <file>LPRocket_96x37.obj</file>
         <name>LPRocket_96x37.obj</name>
      </input_file>
      <input_file id="fl-c2">
         <path>./images/</path>
         <kind>object</kind>
         <file>TI_Logo_69x64.obj</file>
         <name>TI_Logo_69x64.obj</name>
      </input_file>
      <input_file id="fl-c8">
         <kind>object</kind>
         <file>&lt;internal&gt;</file>
         <name>&lt;internal&gt;</name>
      </input_file>
      <input_file id="fl-e3">
         <path>/home/intrepidnomad/AUR/ccstudio/src/installdir/opt/ccstudio/ccs/tools/compiler/ti-cgt-msp430_18.12.2.LTS/lib/</path>
         <kind>archive</kind>
         <file>rts430x_lc_sd_eabi.lib</file>
         <name>copy_decompress_lzss.c.obj</name>
      </input_file>
      <input_file id="fl-e4">
         <path>/home/intrepidnomad/AUR/ccstudio/src/installdir/opt/ccstudio/ccs/tools/compiler/ti-cgt-msp430_18.12.2.LTS/lib/</path>
         <kind>archive</kind>
         <file>rts430x_lc_sd_eabi.lib</file>
         <name>copy_decompress_none.c.obj</name>
      </input_file>
      <input_file id="fl-e5">
         <path>/home/intrepidnomad/AUR/ccstudio/src/installdir/opt/ccstudio/ccs/tools/compiler/ti-cgt-msp430_18.12.2.LTS/lib/</path>
         <kind>archive</kind>
         <file>rts430x_lc_sd_eabi.lib</file>
         <name>int22.asm.obj</name>
      </input_file>
      <input_file id="fl-e6">
         <path>/home/intrepidnomad/AUR/ccstudio/src/installdir/opt/ccstudio/ccs/tools/compiler/ti-cgt-msp430_18.12.2.LTS/lib/</path>
         <kind>archive</kind>
         <file>rts430x_lc_sd_eabi.lib</file>
         <name>isr_trap.asm.obj</name>
      </input_file>
      <input_file id="fl-e7">
         <path>/home/intrepidnomad/AUR/ccstudio/src/installdir/opt/ccstudio/ccs/tools/compiler/ti-cgt-msp430_18.12.2.LTS/lib/</path>
         <kind>archive</kind>
         <file>rts430x_lc_sd_eabi.lib</file>
         <name>int23.asm.obj</name>
      </input_file>
      <input_file id="fl-e8">
         <path>/home/intrepidnomad/AUR/ccstudio/src/installdir/opt/ccstudio/ccs/tools/compiler/ti-cgt-msp430_18.12.2.LTS/lib/</path>
         <kind>archive</kind>
         <file>rts430x_lc_sd_eabi.lib</file>
         <name>int24.asm.obj</name>
      </input_file>
      <input_file id="fl-e9">
         <path>/home/intrepidnomad/AUR/ccstudio/src/installdir/opt/ccstudio/ccs/tools/compiler/ti-cgt-msp430_18.12.2.LTS/lib/</path>
         <kind>archive</kind>
         <file>rts430x_lc_sd_eabi.lib</file>
         <name>int25.asm.obj</name>
      </input_file>
      <input_file id="fl-ea">
         <path>/home/intrepidnomad/AUR/ccstudio/src/installdir/opt/ccstudio/ccs/tools/compiler/ti-cgt-msp430_18.12.2.LTS/lib/</path>
         <kind>archive</kind>
         <file>rts430x_lc_sd_eabi.lib</file>
         <name>int26.asm.obj</name>
      </input_file>
      <input_file id="fl-eb">
         <path>/home/intrepidnomad/AUR/ccstudio/src/installdir/opt/ccstudio/ccs/tools/compiler/ti-cgt-msp430_18.12.2.LTS/lib/</path>
         <kind>archive</kind>
         <file>rts430x_lc_sd_eabi.lib</file>
         <name>int27.asm.obj</name>
      </input_file>
      <input_file id="fl-ec">
         <path>/home/intrepidnomad/AUR/ccstudio/src/installdir/opt/ccstudio/ccs/tools/compiler/ti-cgt-msp430_18.12.2.LTS/lib/</path>
         <kind>archive</kind>
         <file>rts430x_lc_sd_eabi.lib</file>
         <name>int28.asm.obj</name>
      </input_file>
      <input_file id="fl-ed">
         <path>/home/intrepidnomad/AUR/ccstudio/src/installdir/opt/ccstudio/ccs/tools/compiler/ti-cgt-msp430_18.12.2.LTS/lib/</path>
         <kind>archive</kind>
         <file>rts430x_lc_sd_eabi.lib</file>
         <name>int29.asm.obj</name>
      </input_file>
      <input_file id="fl-ee">
         <path>/home/intrepidnomad/AUR/ccstudio/src/installdir/opt/ccstudio/ccs/tools/compiler/ti-cgt-msp430_18.12.2.LTS/lib/</path>
         <kind>archive</kind>
         <file>rts430x_lc_sd_eabi.lib</file>
         <name>int30.asm.obj</name>
      </input_file>
      <input_file id="fl-ef">
         <path>/home/intrepidnomad/AUR/ccstudio/src/installdir/opt/ccstudio/ccs/tools/compiler/ti-cgt-msp430_18.12.2.LTS/lib/</path>
         <kind>archive</kind>
         <file>rts430x_lc_sd_eabi.lib</file>
         <name>int31.asm.obj</name>
      </input_file>
      <input_file id="fl-f0">
         <path>/home/intrepidnomad/AUR/ccstudio/src/installdir/opt/ccstudio/ccs/tools/compiler/ti-cgt-msp430_18.12.2.LTS/lib/</path>
         <kind>archive</kind>
         <file>rts430x_lc_sd_eabi.lib</file>
         <name>int32.asm.obj</name>
      </input_file>
      <input_file id="fl-f1">
         <path>/home/intrepidnomad/AUR/ccstudio/src/installdir/opt/ccstudio/ccs/tools/compiler/ti-cgt-msp430_18.12.2.LTS/lib/</path>
         <kind>archive</kind>
         <file>rts430x_lc_sd_eabi.lib</file>
         <name>int33.asm.obj</name>
      </input_file>
      <input_file id="fl-f2">
         <path>/home/intrepidnomad/AUR/ccstudio/src/installdir/opt/ccstudio/ccs/tools/compiler/ti-cgt-msp430_18.12.2.LTS/lib/</path>
         <kind>archive</kind>
         <file>rts430x_lc_sd_eabi.lib</file>
         <name>int34.asm.obj</name>
      </input_file>
      <input_file id="fl-f3">
         <path>/home/intrepidnomad/AUR/ccstudio/src/installdir/opt/ccstudio/ccs/tools/compiler/ti-cgt-msp430_18.12.2.LTS/lib/</path>
         <kind>archive</kind>
         <file>rts430x_lc_sd_eabi.lib</file>
         <name>int35.asm.obj</name>
      </input_file>
      <input_file id="fl-f4">
         <path>/home/intrepidnomad/AUR/ccstudio/src/installdir/opt/ccstudio/ccs/tools/compiler/ti-cgt-msp430_18.12.2.LTS/lib/</path>
         <kind>archive</kind>
         <file>rts430x_lc_sd_eabi.lib</file>
         <name>int36.asm.obj</name>
      </input_file>
      <input_file id="fl-f5">
         <path>/home/intrepidnomad/AUR/ccstudio/src/installdir/opt/ccstudio/ccs/tools/compiler/ti-cgt-msp430_18.12.2.LTS/lib/</path>
         <kind>archive</kind>
         <file>rts430x_lc_sd_eabi.lib</file>
         <name>int37.asm.obj</name>
      </input_file>
      <input_file id="fl-f6">
         <path>/home/intrepidnomad/AUR/ccstudio/src/installdir/opt/ccstudio/ccs/tools/compiler/ti-cgt-msp430_18.12.2.LTS/lib/</path>
         <kind>archive</kind>
         <file>rts430x_lc_sd_eabi.lib</file>
         <name>int38.asm.obj</name>
      </input_file>
      <input_file id="fl-f7">
         <path>/home/intrepidnomad/AUR/ccstudio/src/installdir/opt/ccstudio/ccs/tools/compiler/ti-cgt-msp430_18.12.2.LTS/lib/</path>
         <kind>archive</kind>
         <file>rts430x_lc_sd_eabi.lib</file>
         <name>int39.asm.obj</name>
      </input_file>
      <input_file id="fl-f8">
         <path>/home/intrepidnomad/AUR/ccstudio/src/installdir/opt/ccstudio/ccs/tools/compiler/ti-cgt-msp430_18.12.2.LTS/lib/</path>
         <kind>archive</kind>
         <file>rts430x_lc_sd_eabi.lib</file>
         <name>int42.asm.obj</name>
      </input_file>
      <input_file id="fl-f9">
         <path>/home/intrepidnomad/AUR/ccstudio/src/installdir/opt/ccstudio/ccs/tools/compiler/ti-cgt-msp430_18.12.2.LTS/lib/</path>
         <kind>archive</kind>
         <file>rts430x_lc_sd_eabi.lib</file>
         <name>int43.asm.obj</name>
      </input_file>
      <input_file id="fl-fa">
         <path>/home/intrepidnomad/AUR/ccstudio/src/installdir/opt/ccstudio/ccs/tools/compiler/ti-cgt-msp430_18.12.2.LTS/lib/</path>
         <kind>archive</kind>
         <file>rts430x_lc_sd_eabi.lib</file>
         <name>int44.asm.obj</name>
      </input_file>
      <input_file id="fl-fb">
         <path>/home/intrepidnomad/AUR/ccstudio/src/installdir/opt/ccstudio/ccs/tools/compiler/ti-cgt-msp430_18.12.2.LTS/lib/</path>
         <kind>archive</kind>
         <file>rts430x_lc_sd_eabi.lib</file>
         <name>int45.asm.obj</name>
      </input_file>
      <input_file id="fl-fc">
         <path>/home/intrepidnomad/AUR/ccstudio/src/installdir/opt/ccstudio/ccs/tools/compiler/ti-cgt-msp430_18.12.2.LTS/lib/</path>
         <kind>archive</kind>
         <file>rts430x_lc_sd_eabi.lib</file>
         <name>copy_zero_init.c.obj</name>
      </input_file>
      <input_file id="fl-fd">
         <path>/home/intrepidnomad/AUR/ccstudio/src/installdir/opt/ccstudio/ccs/tools/compiler/ti-cgt-msp430_18.12.2.LTS/lib/</path>
         <kind>archive</kind>
         <file>rts430x_lc_sd_eabi.lib</file>
         <name>cpy_util.asm.obj</name>
      </input_file>
      <input_file id="fl-fe">
         <path>/home/intrepidnomad/AUR/ccstudio/src/installdir/opt/ccstudio/ccs/tools/compiler/ti-cgt-msp430_18.12.2.LTS/lib/</path>
         <kind>archive</kind>
         <file>rts430x_lc_sd_eabi.lib</file>
         <name>div16s.asm.obj</name>
      </input_file>
      <input_file id="fl-ff">
         <path>/home/intrepidnomad/AUR/ccstudio/src/installdir/opt/ccstudio/ccs/tools/compiler/ti-cgt-msp430_18.12.2.LTS/lib/</path>
         <kind>archive</kind>
         <file>rts430x_lc_sd_eabi.lib</file>
         <name>div32s.asm.obj</name>
      </input_file>
      <input_file id="fl-100">
         <path>/home/intrepidnomad/AUR/ccstudio/src/installdir/opt/ccstudio/ccs/tools/compiler/ti-cgt-msp430_18.12.2.LTS/lib/</path>
         <kind>archive</kind>
         <file>rts430x_lc_sd_eabi.lib</file>
         <name>div16u.asm.obj</name>
      </input_file>
      <input_file id="fl-101">
         <path>/home/intrepidnomad/AUR/ccstudio/src/installdir/opt/ccstudio/ccs/tools/compiler/ti-cgt-msp430_18.12.2.LTS/lib/</path>
         <kind>archive</kind>
         <file>rts430x_lc_sd_eabi.lib</file>
         <name>div32u.asm.obj</name>
      </input_file>
      <input_file id="fl-102">
         <path>/home/intrepidnomad/AUR/ccstudio/src/installdir/opt/ccstudio/ccs/tools/compiler/ti-cgt-msp430_18.12.2.LTS/lib/</path>
         <kind>archive</kind>
         <file>rts430x_lc_sd_eabi.lib</file>
         <name>mult16.asm.obj</name>
      </input_file>
      <input_file id="fl-103">
         <path>/home/intrepidnomad/AUR/ccstudio/src/installdir/opt/ccstudio/ccs/tools/compiler/ti-cgt-msp430_18.12.2.LTS/lib/</path>
         <kind>archive</kind>
         <file>rts430x_lc_sd_eabi.lib</file>
         <name>mult16_f5hw.asm.obj</name>
      </input_file>
      <input_file id="fl-104">
         <path>/home/intrepidnomad/AUR/ccstudio/src/installdir/opt/ccstudio/ccs/tools/compiler/ti-cgt-msp430_18.12.2.LTS/lib/</path>
         <kind>archive</kind>
         <file>rts430x_lc_sd_eabi.lib</file>
         <name>mult32.asm.obj</name>
      </input_file>
      <input_file id="fl-105">
         <path>/home/intrepidnomad/AUR/ccstudio/src/installdir/opt/ccstudio/ccs/tools/compiler/ti-cgt-msp430_18.12.2.LTS/lib/</path>
         <kind>archive</kind>
         <file>rts430x_lc_sd_eabi.lib</file>
         <name>mult32_f5hw.asm.obj</name>
      </input_file>
      <input_file id="fl-106">
         <path>/home/intrepidnomad/AUR/ccstudio/src/installdir/opt/ccstudio/ccs/tools/compiler/ti-cgt-msp430_18.12.2.LTS/lib/</path>
         <kind>archive</kind>
         <file>rts430x_lc_sd_eabi.lib</file>
         <name>mult64_f5hw.asm.obj</name>
      </input_file>
      <input_file id="fl-107">
         <path>/home/intrepidnomad/AUR/ccstudio/src/installdir/opt/ccstudio/ccs/tools/compiler/ti-cgt-msp430_18.12.2.LTS/lib/</path>
         <kind>archive</kind>
         <file>rts430x_lc_sd_eabi.lib</file>
         <name>mult1632_f5hw.asm.obj</name>
      </input_file>
      <input_file id="fl-108">
         <path>/home/intrepidnomad/AUR/ccstudio/src/installdir/opt/ccstudio/ccs/tools/compiler/ti-cgt-msp430_18.12.2.LTS/lib/</path>
         <kind>archive</kind>
         <file>rts430x_lc_sd_eabi.lib</file>
         <name>mult3264_f5hw.asm.obj</name>
      </input_file>
      <input_file id="fl-109">
         <path>/home/intrepidnomad/AUR/ccstudio/src/installdir/opt/ccstudio/ccs/tools/compiler/ti-cgt-msp430_18.12.2.LTS/lib/</path>
         <kind>archive</kind>
         <file>rts430x_lc_sd_eabi.lib</file>
         <name>lsl16.asm.obj</name>
      </input_file>
      <input_file id="fl-10a">
         <path>/home/intrepidnomad/AUR/ccstudio/src/installdir/opt/ccstudio/ccs/tools/compiler/ti-cgt-msp430_18.12.2.LTS/lib/</path>
         <kind>archive</kind>
         <file>rts430x_lc_sd_eabi.lib</file>
         <name>asr16.asm.obj</name>
      </input_file>
      <input_file id="fl-10b">
         <path>/home/intrepidnomad/AUR/ccstudio/src/installdir/opt/ccstudio/ccs/tools/compiler/ti-cgt-msp430_18.12.2.LTS/lib/</path>
         <kind>archive</kind>
         <file>rts430x_lc_sd_eabi.lib</file>
         <name>lsr16.asm.obj</name>
      </input_file>
      <input_file id="fl-10c">
         <path>/home/intrepidnomad/AUR/ccstudio/src/installdir/opt/ccstudio/ccs/tools/compiler/ti-cgt-msp430_18.12.2.LTS/lib/</path>
         <kind>archive</kind>
         <file>rts430x_lc_sd_eabi.lib</file>
         <name>boot.c.obj</name>
      </input_file>
      <input_file id="fl-10d">
         <path>/home/intrepidnomad/AUR/ccstudio/src/installdir/opt/ccstudio/ccs/ccs_base/msp430/lib/FR2xx/</path>
         <kind>archive</kind>
         <file>FRWP_INIT_LIB_CCS_msp430_large_code_small_data.lib</file>
         <name>frwp_init.obj</name>
      </input_file>
      <input_file id="fl-10e">
         <path>/home/intrepidnomad/AUR/ccstudio/src/installdir/opt/ccstudio/ccs/tools/compiler/ti-cgt-msp430_18.12.2.LTS/lib/</path>
         <kind>archive</kind>
         <file>rts430x_lc_sd_eabi.lib</file>
         <name>args_main.c.obj</name>
      </input_file>
      <input_file id="fl-10f">
         <path>/home/intrepidnomad/AUR/ccstudio/src/installdir/opt/ccstudio/ccs/tools/compiler/ti-cgt-msp430_18.12.2.LTS/lib/</path>
         <kind>archive</kind>
         <file>rts430x_lc_sd_eabi.lib</file>
         <name>autoinit.c.obj</name>
      </input_file>
      <input_file id="fl-110">
         <path>/home/intrepidnomad/AUR/ccstudio/src/installdir/opt/ccstudio/ccs/tools/compiler/ti-cgt-msp430_18.12.2.LTS/lib/</path>
         <kind>archive</kind>
         <file>rts430x_lc_sd_eabi.lib</file>
         <name>startup.c.obj</name>
      </input_file>
      <input_file id="fl-111">
         <path>/home/intrepidnomad/AUR/ccstudio/src/installdir/opt/ccstudio/ccs/tools/compiler/ti-cgt-msp430_18.12.2.LTS/lib/</path>
         <kind>archive</kind>
         <file>rts430x_lc_sd_eabi.lib</file>
         <name>cpy_tbl.c.obj</name>
      </input_file>
      <input_file id="fl-112">
         <path>/home/intrepidnomad/AUR/ccstudio/src/installdir/opt/ccstudio/ccs/tools/compiler/ti-cgt-msp430_18.12.2.LTS/lib/</path>
         <kind>archive</kind>
         <file>rts430x_lc_sd_eabi.lib</file>
         <name>exit.c.obj</name>
      </input_file>
      <input_file id="fl-113">
         <path>/home/intrepidnomad/AUR/ccstudio/src/installdir/opt/ccstudio/ccs/tools/compiler/ti-cgt-msp430_18.12.2.LTS/lib/</path>
         <kind>archive</kind>
         <file>rts430x_lc_sd_eabi.lib</file>
         <name>exit_gvars.c.obj</name>
      </input_file>
      <input_file id="fl-114">
         <path>/home/intrepidnomad/AUR/ccstudio/src/installdir/opt/ccstudio/ccs/tools/compiler/ti-cgt-msp430_18.12.2.LTS/lib/</path>
         <kind>archive</kind>
         <file>rts430x_lc_sd_eabi.lib</file>
         <name>_lock.c.obj</name>
      </input_file>
      <input_file id="fl-115">
         <path>/home/intrepidnomad/AUR/ccstudio/src/installdir/opt/ccstudio/ccs/tools/compiler/ti-cgt-msp430_18.12.2.LTS/lib/</path>
         <kind>archive</kind>
         <file>rts430x_lc_sd_eabi.lib</file>
         <name>memcpy.c.obj</name>
      </input_file>
   </input_file_list>
   <object_component_list>
      <object_component id="oc-92d">
         <name>.cinit..data.load</name>
         <load_address>0x8000</load_address>
         <run_address>0x8000</run_address>
         <size>0x1d</size>
      </object_component>
      <object_component id="oc-92a">
         <name>__TI_handler_table</name>
         <load_address>0x801e</load_address>
         <run_address>0x801e</run_address>
         <size>0xc</size>
      </object_component>
      <object_component id="oc-92c">
         <name>.cinit..bss.load</name>
         <load_address>0x802a</load_address>
         <run_address>0x802a</run_address>
         <size>0x6</size>
      </object_component>
      <object_component id="oc-92b">
         <name>__TI_cinit_table</name>
         <load_address>0x8030</load_address>
         <run_address>0x8030</run_address>
         <size>0x10</size>
      </object_component>
      <object_component id="oc-8ca">
         <name>.binit</name>
         <load_address>0x8040</load_address>
         <run_address>0x8040</run_address>
         <size>0x0</size>
      </object_component>
      <object_component id="oc-71b">
         <name>.const:.string:g_pucFontFixed6x8Data</name>
         <load_address>0x8040</load_address>
         <run_address>0x8040</run_address>
         <size>0x2f8</size>
         <input_file_ref idref="fl-9c"/>
      </object_component>
      <object_component id="oc-7af">
         <name>.const:.string:pixel_TI_Logo_69x64_1BPP_UNCOMP</name>
         <load_address>0x8338</load_address>
         <run_address>0x8338</run_address>
         <size>0x240</size>
         <input_file_ref idref="fl-c2"/>
      </object_component>
      <object_component id="oc-78e">
         <name>.const:.string:pixel_LPRocket_96x37_1BPP_UNCOMP</name>
         <load_address>0x8578</load_address>
         <run_address>0x8578</run_address>
         <size>0x1bc</size>
         <input_file_ref idref="fl-c1"/>
      </object_component>
      <object_component id="oc-5a2">
         <name>.const:g_sFontFixed6x8</name>
         <load_address>0x8734</load_address>
         <run_address>0x8734</run_address>
         <size>0xc6</size>
         <input_file_ref idref="fl-9c"/>
      </object_component>
      <object_component id="oc-5b7">
         <name>.const:.string</name>
         <load_address>0x87fa</load_address>
         <run_address>0x87fa</run_address>
         <size>0x9a</size>
         <input_file_ref idref="fl-2"/>
      </object_component>
      <object_component id="oc-58d">
         <name>.const:g_sharp128x128LCD</name>
         <load_address>0x8894</load_address>
         <run_address>0x8894</run_address>
         <size>0x2a</size>
         <input_file_ref idref="fl-a9"/>
      </object_component>
      <object_component id="oc-7e8">
         <name>.const:GPIO_PORT_TO_BASE</name>
         <load_address>0x88be</load_address>
         <run_address>0x88be</run_address>
         <size>0x1c</size>
         <input_file_ref idref="fl-b3"/>
      </object_component>
      <object_component id="oc-6b6">
         <name>.const:$P$T0$1</name>
         <load_address>0x88da</load_address>
         <run_address>0x88da</run_address>
         <size>0x12</size>
         <input_file_ref idref="fl-a8"/>
      </object_component>
      <object_component id="oc-8ac">
         <name>.const:.string:reverse_data</name>
         <load_address>0x88ec</load_address>
         <run_address>0x88ec</run_address>
         <size>0x10</size>
         <input_file_ref idref="fl-a9"/>
      </object_component>
      <object_component id="oc-68c">
         <name>.const:$P$T0$1</name>
         <load_address>0x88fc</load_address>
         <run_address>0x88fc</run_address>
         <size>0xe</size>
         <input_file_ref idref="fl-2"/>
      </object_component>
      <object_component id="oc-603">
         <name>.const:LPRocket_96x37_1BPP_UNCOMP</name>
         <load_address>0x890a</load_address>
         <run_address>0x890a</run_address>
         <size>0xc</size>
         <input_file_ref idref="fl-c1"/>
      </object_component>
      <object_component id="oc-60c">
         <name>.const:TI_Logo_69x64_1BPP_UNCOMP</name>
         <load_address>0x8916</load_address>
         <run_address>0x8916</run_address>
         <size>0xc</size>
         <input_file_ref idref="fl-c2"/>
      </object_component>
      <object_component id="oc-69b">
         <name>.const:$P$T1$2</name>
         <load_address>0x8922</load_address>
         <run_address>0x8922</run_address>
         <size>0x8</size>
         <input_file_ref idref="fl-2"/>
      </object_component>
      <object_component id="oc-78b">
         <name>.const:palette_LPRocket_96x37_1BPP_UNCOMP</name>
         <load_address>0x892a</load_address>
         <run_address>0x892a</run_address>
         <size>0x8</size>
         <input_file_ref idref="fl-c1"/>
      </object_component>
      <object_component id="oc-7ac">
         <name>.const:palette_TI_Logo_69x64_1BPP_UNCOMP</name>
         <load_address>0x8932</load_address>
         <run_address>0x8932</run_address>
         <size>0x8</size>
         <input_file_ref idref="fl-c2"/>
      </object_component>
      <object_component id="oc-5be">
         <name>.text:Graphics_drawString</name>
         <load_address>0x893a</load_address>
         <run_address>0x893a</run_address>
         <size>0x7a2</size>
         <input_file_ref idref="fl-a7"/>
      </object_component>
      <object_component id="oc-523">
         <name>.text:main</name>
         <load_address>0x90dc</load_address>
         <run_address>0x90dc</run_address>
         <size>0x4f4</size>
         <input_file_ref idref="fl-2"/>
      </object_component>
      <object_component id="oc-5e8">
         <name>.text:Graphics_fillCircle</name>
         <load_address>0x95d0</load_address>
         <run_address>0x95d0</run_address>
         <size>0x3aa</size>
         <input_file_ref idref="fl-9f"/>
      </object_component>
      <object_component id="oc-5e2">
         <name>.text:Graphics_drawCircle</name>
         <load_address>0x997a</load_address>
         <run_address>0x997a</run_address>
         <size>0x396</size>
         <input_file_ref idref="fl-9f"/>
      </object_component>
      <object_component id="oc-5d0">
         <name>.text:Graphics_drawLine</name>
         <load_address>0x9d10</load_address>
         <run_address>0x9d10</run_address>
         <size>0x2b2</size>
         <input_file_ref idref="fl-a4"/>
      </object_component>
      <object_component id="oc-769">
         <name>.text:Graphics_clipLine</name>
         <load_address>0x9fc2</load_address>
         <run_address>0x9fc2</run_address>
         <size>0x224</size>
         <input_file_ref idref="fl-a4"/>
      </object_component>
      <object_component id="oc-606">
         <name>.text:Graphics_drawImage</name>
         <load_address>0xa1e6</load_address>
         <run_address>0xa1e6</run_address>
         <size>0x206</size>
         <input_file_ref idref="fl-a2"/>
      </object_component>
      <object_component id="oc-5f1">
         <name>.text:Graphics_drawRectangle</name>
         <load_address>0xa3ec</load_address>
         <run_address>0xa3ec</run_address>
         <size>0x104</size>
         <input_file_ref idref="fl-a6"/>
      </object_component>
      <object_component id="oc-66">
         <name>.text:decompress:lzss:__TI_decompress_lzss</name>
         <load_address>0xa4f0</load_address>
         <run_address>0xa4f0</run_address>
         <size>0xee</size>
         <input_file_ref idref="fl-e3"/>
      </object_component>
      <object_component id="oc-748">
         <name>.text:Graphics_drawLineH</name>
         <load_address>0xa5de</load_address>
         <run_address>0xa5de</run_address>
         <size>0xd8</size>
         <input_file_ref idref="fl-a4"/>
      </object_component>
      <object_component id="oc-76f">
         <name>.text:Graphics_drawLineV</name>
         <load_address>0xa6b6</load_address>
         <run_address>0xa6b6</run_address>
         <size>0xd2</size>
         <input_file_ref idref="fl-a4"/>
      </object_component>
      <object_component id="oc-6f7">
         <name>.text:Sharp128x128_RectFill</name>
         <load_address>0xa788</load_address>
         <run_address>0xa788</run_address>
         <size>0xc6</size>
         <input_file_ref idref="fl-a9"/>
      </object_component>
      <object_component id="oc-730">
         <name>.text:Graphics_getStringWidth</name>
         <load_address>0xa84e</load_address>
         <run_address>0xa84e</run_address>
         <size>0xba</size>
         <input_file_ref idref="fl-a7"/>
      </object_component>
      <object_component id="oc-6eb">
         <name>.text:Sharp128x128_LineDrawH</name>
         <load_address>0xa908</load_address>
         <run_address>0xa908</run_address>
         <size>0xac</size>
         <input_file_ref idref="fl-a9"/>
      </object_component>
      <object_component id="oc-5fa">
         <name>.text:Graphics_fillRectangle</name>
         <load_address>0xa9b4</load_address>
         <run_address>0xa9b4</run_address>
         <size>0xaa</size>
         <input_file_ref idref="fl-a6"/>
      </object_component>
      <object_component id="oc-703">
         <name>.text:Sharp128x128_Flush</name>
         <load_address>0xaa5e</load_address>
         <run_address>0xaa5e</run_address>
         <size>0x96</size>
         <input_file_ref idref="fl-a9"/>
      </object_component>
      <object_component id="oc-57e">
         <name>.text:timerInit</name>
         <load_address>0xaaf4</load_address>
         <run_address>0xaaf4</run_address>
         <size>0x8a</size>
         <input_file_ref idref="fl-2"/>
      </object_component>
      <object_component id="oc-584">
         <name>.text:HAL_LCD_initDisplay</name>
         <load_address>0xab7e</load_address>
         <run_address>0xab7e</run_address>
         <size>0x7c</size>
         <input_file_ref idref="fl-a8"/>
      </object_component>
      <object_component id="oc-5b8">
         <name>.text:Graphics_drawStringCentered</name>
         <load_address>0xabfa</load_address>
         <run_address>0xabfa</run_address>
         <size>0x78</size>
         <input_file_ref idref="fl-a7"/>
      </object_component>
      <object_component id="oc-843">
         <name>.text:Graphics_getClipCode</name>
         <load_address>0xac72</load_address>
         <run_address>0xac72</run_address>
         <size>0x72</size>
         <input_file_ref idref="fl-a4"/>
      </object_component>
      <object_component id="oc-634">
         <name>.text:__TI_auto_init_nobinit_nopinit_hold_wdt:__TI_auto_init_nobinit_nopinit_hold_wdt</name>
         <load_address>0xace4</load_address>
         <run_address>0xace4</run_address>
         <size>0x6a</size>
         <input_file_ref idref="fl-10f"/>
      </object_component>
      <object_component id="oc-572">
         <name>.text:boardInit</name>
         <load_address>0xad4e</load_address>
         <run_address>0xad4e</run_address>
         <size>0x66</size>
         <input_file_ref idref="fl-2"/>
      </object_component>
      <object_component id="oc-578">
         <name>.text:init_CS</name>
         <load_address>0xadb4</load_address>
         <run_address>0xadb4</run_address>
         <size>0x5e</size>
         <input_file_ref idref="fl-2"/>
      </object_component>
      <object_component id="oc-695">
         <name>.text:Timer_B_initUpMode</name>
         <load_address>0xae12</load_address>
         <run_address>0xae12</run_address>
         <size>0x5c</size>
         <input_file_ref idref="fl-be"/>
      </object_component>
      <object_component id="oc-805">
         <name>.text</name>
         <load_address>0xae6e</load_address>
         <run_address>0xae6e</run_address>
         <size>0x58</size>
         <input_file_ref idref="fl-101"/>
      </object_component>
      <object_component id="oc-709">
         <name>.text:Sharp128x128_ClearScreen</name>
         <load_address>0xaec6</load_address>
         <run_address>0xaec6</run_address>
         <size>0x52</size>
         <input_file_ref idref="fl-a9"/>
      </object_component>
      <object_component id="oc-6b9">
         <name>.text:EUSCI_B_SPI_initMaster</name>
         <load_address>0xaf18</load_address>
         <run_address>0xaf18</run_address>
         <size>0x50</size>
         <input_file_ref idref="fl-b1"/>
      </object_component>
      <object_component id="oc-794">
         <name>.text:Graphics_convertPalette</name>
         <load_address>0xaf68</load_address>
         <run_address>0xaf68</run_address>
         <size>0x4c</size>
         <input_file_ref idref="fl-a2"/>
      </object_component>
      <object_component id="oc-742">
         <name>.text:Graphics_getNumberOfLeadingZeros</name>
         <load_address>0xafb4</load_address>
         <run_address>0xafb4</run_address>
         <size>0x4a</size>
         <input_file_ref idref="fl-a7"/>
      </object_component>
      <object_component id="oc-6f1">
         <name>.text:Sharp128x128_LineDrawV</name>
         <load_address>0xaffe</load_address>
         <run_address>0xaffe</run_address>
         <size>0x44</size>
         <input_file_ref idref="fl-a9"/>
      </object_component>
      <object_component id="oc-6b0">
         <name>.text:GPIO_setAsPeripheralModuleFunctionOutputPin</name>
         <load_address>0xb042</load_address>
         <run_address>0xb042</run_address>
         <size>0x40</size>
         <input_file_ref idref="fl-b3"/>
      </object_component>
      <object_component id="oc-6df">
         <name>.text:Sharp128x128_PixelDraw</name>
         <load_address>0xb082</load_address>
         <run_address>0xb082</run_address>
         <size>0x40</size>
         <input_file_ref idref="fl-a9"/>
      </object_component>
      <object_component id="oc-50f">
         <name>.text:Sharp128x128_SendToggleVCOMCommand</name>
         <load_address>0xb0c2</load_address>
         <run_address>0xb0c2</run_address>
         <size>0x40</size>
         <input_file_ref idref="fl-a9"/>
      </object_component>
      <object_component id="oc-48f">
         <name>.text:__memcpy_far</name>
         <load_address>0xb102</load_address>
         <run_address>0xb102</run_address>
         <size>0x40</size>
         <input_file_ref idref="fl-fd"/>
      </object_component>
      <object_component id="oc-736">
         <name>.text</name>
         <load_address>0xb142</load_address>
         <run_address>0xb142</run_address>
         <size>0x40</size>
         <input_file_ref idref="fl-ff"/>
      </object_component>
      <object_component id="oc-6e5">
         <name>.text:Sharp128x128_DrawMultiple</name>
         <load_address>0xb182</load_address>
         <run_address>0xb182</run_address>
         <size>0x3e</size>
         <input_file_ref idref="fl-a9"/>
      </object_component>
      <object_component id="oc-4b2">
         <name>.text:decompress:ZI:__TI_zero_init</name>
         <load_address>0xb1c0</load_address>
         <run_address>0xb1c0</run_address>
         <size>0x3e</size>
         <input_file_ref idref="fl-fc"/>
      </object_component>
      <object_component id="oc-535">
         <name>.text:__mpu_init</name>
         <load_address>0xb1fe</load_address>
         <run_address>0xb1fe</run_address>
         <size>0x3c</size>
         <input_file_ref idref="fl-10d"/>
      </object_component>
      <object_component id="oc-6c">
         <name>.text:decompress:none:__TI_decompress_none</name>
         <load_address>0xb23a</load_address>
         <run_address>0xb23a</run_address>
         <size>0x3c</size>
         <input_file_ref idref="fl-e4"/>
      </object_component>
      <object_component id="oc-590">
         <name>.text:Graphics_initContext</name>
         <load_address>0xb276</load_address>
         <run_address>0xb276</run_address>
         <size>0x3a</size>
         <input_file_ref idref="fl-a0"/>
      </object_component>
      <object_component id="oc-7a4">
         <name>.text:Graphics_drawMultiplePixelsOnDisplay</name>
         <load_address>0xb2b0</load_address>
         <run_address>0xb2b0</run_address>
         <size>0x36</size>
         <input_file_ref idref="fl-a1"/>
      </object_component>
      <object_component id="oc-69e">
         <name>.text:Timer_B_initCompareMode</name>
         <load_address>0xb2e6</load_address>
         <run_address>0xb2e6</run_address>
         <size>0x2e</size>
         <input_file_ref idref="fl-be"/>
      </object_component>
      <object_component id="oc-79f">
         <name>.text</name>
         <load_address>0xb314</load_address>
         <run_address>0xb314</run_address>
         <size>0x2c</size>
         <input_file_ref idref="fl-fe"/>
      </object_component>
      <object_component id="oc-5c4">
         <name>.text:Delay</name>
         <load_address>0xb340</load_address>
         <run_address>0xb340</run_address>
         <size>0x2a</size>
         <input_file_ref idref="fl-2"/>
      </object_component>
      <object_component id="oc-5ca">
         <name>.text:Graphics_drawPixel</name>
         <load_address>0xb36a</load_address>
         <run_address>0xb36a</run_address>
         <size>0x28</size>
         <input_file_ref idref="fl-a0"/>
      </object_component>
      <object_component id="oc-821">
         <name>.text:Sharp128x128_InitializeDisplayBuffer</name>
         <load_address>0xb392</load_address>
         <run_address>0xb392</run_address>
         <size>0x28</size>
         <input_file_ref idref="fl-a9"/>
      </object_component>
      <object_component id="oc-849">
         <name>.text</name>
         <load_address>0xb3ba</load_address>
         <run_address>0xb3ba</run_address>
         <size>0x24</size>
         <input_file_ref idref="fl-105"/>
      </object_component>
      <object_component id="oc-558">
         <name>.text:HAL_LCD_writeCommandOrData</name>
         <load_address>0xb3de</load_address>
         <run_address>0xb3de</run_address>
         <size>0x20</size>
         <input_file_ref idref="fl-a8"/>
      </object_component>
      <object_component id="oc-67e">
         <name>.text:GPIO_setAsOutputPin</name>
         <load_address>0xb3fe</load_address>
         <run_address>0xb3fe</run_address>
         <size>0x1e</size>
         <input_file_ref idref="fl-b3"/>
      </object_component>
      <object_component id="oc-838">
         <name>.text:Graphics_drawHorizontalLineOnDisplay</name>
         <load_address>0xb41c</load_address>
         <run_address>0xb41c</run_address>
         <size>0x1a</size>
         <input_file_ref idref="fl-a1"/>
      </object_component>
      <object_component id="oc-84f">
         <name>.text:Graphics_drawVerticalLineOnDisplay</name>
         <load_address>0xb436</load_address>
         <run_address>0xb436</run_address>
         <size>0x1a</size>
         <input_file_ref idref="fl-a1"/>
      </object_component>
      <object_component id="oc-81a">
         <name>.text:Sharp128x128_reverse</name>
         <load_address>0xb450</load_address>
         <run_address>0xb450</run_address>
         <size>0x1a</size>
         <input_file_ref idref="fl-a9"/>
      </object_component>
      <object_component id="oc-59c">
         <name>.text:Graphics_setBackgroundColor</name>
         <load_address>0xb46a</load_address>
         <run_address>0xb46a</run_address>
         <size>0x18</size>
         <input_file_ref idref="fl-a0"/>
      </object_component>
      <object_component id="oc-596">
         <name>.text:Graphics_setForegroundColor</name>
         <load_address>0xb482</load_address>
         <run_address>0xb482</run_address>
         <size>0x18</size>
         <input_file_ref idref="fl-a0"/>
      </object_component>
      <object_component id="oc-79a">
         <name>.text</name>
         <load_address>0xb49a</load_address>
         <run_address>0xb49a</run_address>
         <size>0x18</size>
         <input_file_ref idref="fl-103"/>
      </object_component>
      <object_component id="oc-65b">
         <name>.text:GPIO_setOutputHighOnPin</name>
         <load_address>0xb4b2</load_address>
         <run_address>0xb4b2</run_address>
         <size>0x16</size>
         <input_file_ref idref="fl-b3"/>
      </object_component>
      <object_component id="oc-676">
         <name>.text:GPIO_setOutputLowOnPin</name>
         <load_address>0xb4c8</load_address>
         <run_address>0xb4c8</run_address>
         <size>0x16</size>
         <input_file_ref idref="fl-b3"/>
      </object_component>
      <object_component id="oc-56b">
         <name>.text:WDT_A_hold</name>
         <load_address>0xb4de</load_address>
         <run_address>0xb4de</run_address>
         <size>0x16</size>
         <input_file_ref idref="fl-c0"/>
      </object_component>
      <object_component id="oc-868">
         <name>.text</name>
         <load_address>0xb4f4</load_address>
         <run_address>0xb4f4</run_address>
         <size>0x16</size>
         <input_file_ref idref="fl-100"/>
      </object_component>
      <object_component id="oc-6fd">
         <name>.text:Sharp128x128_ColorTranslate</name>
         <load_address>0xb50a</load_address>
         <run_address>0xb50a</run_address>
         <size>0x14</size>
         <input_file_ref idref="fl-a9"/>
      </object_component>
      <object_component id="oc-68f">
         <name>.text:memcpy</name>
         <load_address>0xb51e</load_address>
         <run_address>0xb51e</run_address>
         <size>0x12</size>
         <input_file_ref idref="fl-115"/>
      </object_component>
      <object_component id="oc-5ab">
         <name>.text:Graphics_clearDisplay</name>
         <load_address>0xb530</load_address>
         <run_address>0xb530</run_address>
         <size>0x10</size>
         <input_file_ref idref="fl-a0"/>
      </object_component>
      <object_component id="oc-722">
         <name>.text:Graphics_clearDisplayOnDisplay</name>
         <load_address>0xb540</load_address>
         <run_address>0xb540</run_address>
         <size>0xe</size>
         <input_file_ref idref="fl-a1"/>
      </object_component>
      <object_component id="oc-74e">
         <name>.text:Graphics_drawPixelOnDisplay</name>
         <load_address>0xb54e</load_address>
         <run_address>0xb54e</run_address>
         <size>0xe</size>
         <input_file_ref idref="fl-a1"/>
      </object_component>
      <object_component id="oc-782">
         <name>.text:Graphics_fillRectangleOnDisplay</name>
         <load_address>0xb55c</load_address>
         <run_address>0xb55c</run_address>
         <size>0xe</size>
         <input_file_ref idref="fl-a1"/>
      </object_component>
      <object_component id="oc-729">
         <name>.text:Graphics_flushOnDisplay</name>
         <load_address>0xb56a</load_address>
         <run_address>0xb56a</run_address>
         <size>0xe</size>
         <input_file_ref idref="fl-a1"/>
      </object_component>
      <object_component id="oc-713">
         <name>.text:Graphics_translateColorOnDisplay</name>
         <load_address>0xb578</load_address>
         <run_address>0xb578</run_address>
         <size>0xe</size>
         <input_file_ref idref="fl-a1"/>
      </object_component>
      <object_component id="oc-55e">
         <name>.text:HAL_LCD_waitUntilLcdWriteFinish</name>
         <load_address>0xb586</load_address>
         <run_address>0xb586</run_address>
         <size>0xe</size>
         <input_file_ref idref="fl-a8"/>
      </object_component>
      <object_component id="oc-564">
         <name>.text:HAL_LCD_clearCS</name>
         <load_address>0xb594</load_address>
         <run_address>0xb594</run_address>
         <size>0xc</size>
         <input_file_ref idref="fl-a8"/>
      </object_component>
      <object_component id="oc-552">
         <name>.text:HAL_LCD_setCS</name>
         <load_address>0xb5a0</load_address>
         <run_address>0xb5a0</run_address>
         <size>0xc</size>
         <input_file_ref idref="fl-a8"/>
      </object_component>
      <object_component id="oc-51d">
         <name>.text:_system_pre_init</name>
         <load_address>0xb5ac</load_address>
         <run_address>0xb5ac</run_address>
         <size>0xc</size>
         <input_file_ref idref="fl-3"/>
      </object_component>
      <object_component id="oc-66f">
         <name>.text:EUSCI_B_SPI_isBusy</name>
         <load_address>0xb5b8</load_address>
         <run_address>0xb5b8</run_address>
         <size>0xa</size>
         <input_file_ref idref="fl-b1"/>
      </object_component>
      <object_component id="oc-5b1">
         <name>.text:Graphics_flushBuffer</name>
         <load_address>0xb5c2</load_address>
         <run_address>0xb5c2</run_address>
         <size>0xa</size>
         <input_file_ref idref="fl-a0"/>
      </object_component>
      <object_component id="oc-5d6">
         <name>.text:Graphics_getDisplayHeight</name>
         <load_address>0xb5cc</load_address>
         <run_address>0xb5cc</run_address>
         <size>0xa</size>
         <input_file_ref idref="fl-a0"/>
      </object_component>
      <object_component id="oc-5dc">
         <name>.text:Graphics_getDisplayWidth</name>
         <load_address>0xb5d6</load_address>
         <run_address>0xb5d6</run_address>
         <size>0xa</size>
         <input_file_ref idref="fl-a0"/>
      </object_component>
      <object_component id="oc-761">
         <name>.text:Timer_B_disableCaptureCompareInterrupt</name>
         <load_address>0xb5e0</load_address>
         <run_address>0xb5e0</run_address>
         <size>0xa</size>
         <input_file_ref idref="fl-be"/>
      </object_component>
      <object_component id="oc-755">
         <name>.text:Timer_B_enableCaptureCompareInterrupt</name>
         <load_address>0xb5ea</load_address>
         <run_address>0xb5ea</run_address>
         <size>0xa</size>
         <input_file_ref idref="fl-be"/>
      </object_component>
      <object_component id="oc-80f">
         <name>.text</name>
         <load_address>0xb5f4</load_address>
         <run_address>0xb5f4</run_address>
         <size>0xa</size>
         <input_file_ref idref="fl-10a"/>
      </object_component>
      <object_component id="oc-73d">
         <name>.text</name>
         <load_address>0xb5fe</load_address>
         <run_address>0xb5fe</run_address>
         <size>0xa</size>
         <input_file_ref idref="fl-109"/>
      </object_component>
      <object_component id="oc-662">
         <name>.text:EUSCI_B_SPI_getInterruptStatus</name>
         <load_address>0xb608</load_address>
         <run_address>0xb608</run_address>
         <size>0x8</size>
         <input_file_ref idref="fl-b1"/>
      </object_component>
      <object_component id="oc-668">
         <name>.text:EUSCI_B_SPI_transmitData</name>
         <load_address>0xb610</load_address>
         <run_address>0xb610</run_address>
         <size>0x8</size>
         <input_file_ref idref="fl-b1"/>
      </object_component>
      <object_component id="oc-502">
         <name>.text:Timer_B_clearCaptureCompareInterrupt</name>
         <load_address>0xb618</load_address>
         <run_address>0xb618</run_address>
         <size>0x8</size>
         <input_file_ref idref="fl-be"/>
      </object_component>
      <object_component id="oc-4f6">
         <name>.text:Timer_B_getCaptureCompareCount</name>
         <load_address>0xb620</load_address>
         <run_address>0xb620</run_address>
         <size>0x8</size>
         <input_file_ref idref="fl-be"/>
      </object_component>
      <object_component id="oc-4fc">
         <name>.text:Timer_B_setCompareValue</name>
         <load_address>0xb628</load_address>
         <run_address>0xb628</run_address>
         <size>0x8</size>
         <input_file_ref idref="fl-be"/>
      </object_component>
      <object_component id="oc-6bf">
         <name>.text:EUSCI_B_SPI_enable</name>
[...]
      <symbol id="sm-4dc">
         <name>TIMER1_B0_ISR</name>
         <value>0xb6a0</value>
         <object_component_ref idref="oc-4a6"/>
      </symbol>
      <symbol id="sm-4dd">
         <name>__TI_int40</name>
         <value>0xfff2</value>
         <object_component_ref idref="oc-84"/>
      </symbol>
      <symbol id="sm-4de">
         <name>__TI_int41</name>
         <value>0xfff4</value>
         <object_component_ref idref="oc-85"/>
      </symbol>
      <symbol id="sm-4df">
         <name>main</name>
         <value>0x90dc</value>
         <object_component_ref idref="oc-523"/>
      </symbol>
      <symbol id="sm-4e0">
         <name>Delay</name>
         <value>0xb340</value>
         <object_component_ref idref="oc-5c4"/>
      </symbol>
      <symbol id="sm-4e1">
         <name>myRectangle1</name>
         <value>0x2c18</value>
         <object_component_ref idref="oc-5ee"/>
      </symbol>
      <symbol id="sm-4e2">
         <name>myRectangle2</name>
         <value>0x2c20</value>
         <object_component_ref idref="oc-5f7"/>
      </symbol>
      <symbol id="sm-4e3">
         <name>myRectangle3</name>
         <value>0x2c28</value>
         <object_component_ref idref="oc-600"/>
      </symbol>
      <symbol id="sm-4e4">
         <name>boardInit</name>
         <value>0xad4e</value>
         <object_component_ref idref="oc-572"/>
      </symbol>
      <symbol id="sm-4e5">
         <name>g_delayCounter</name>
         <value>0x2c32</value>
         <object_component_ref idref="oc-4f3"/>
      </symbol>
      <symbol id="sm-4e6">
         <name>init_CS</name>
         <value>0xadb4</value>
         <object_component_ref idref="oc-578"/>
      </symbol>
      <symbol id="sm-4ef">
         <name>_system_pre_init</name>
         <value>0xb5ac</value>
         <object_component_ref idref="oc-51d"/>
      </symbol>
      <symbol id="sm-59c">
         <name>g_sFontFixed6x8</name>
         <value>0x8734</value>
         <object_component_ref idref="oc-5a2"/>
      </symbol>
      <symbol id="sm-5ff">
         <name>Graphics_drawCircle</name>
         <value>0x997a</value>
         <object_component_ref idref="oc-5e2"/>
      </symbol>
      <symbol id="sm-600">
         <name>Graphics_fillCircle</name>
         <value>0x95d0</value>
         <object_component_ref idref="oc-5e8"/>
      </symbol>
      <symbol id="sm-645">
         <name>Graphics_getDisplayWidth</name>
         <value>0xb5d6</value>
         <object_component_ref idref="oc-5dc"/>
      </symbol>
      <symbol id="sm-646">
         <name>Graphics_getDisplayHeight</name>
         <value>0xb5cc</value>
         <object_component_ref idref="oc-5d6"/>
      </symbol>
      <symbol id="sm-647">
         <name>Graphics_setBackgroundColor</name>
         <value>0xb46a</value>
         <object_component_ref idref="oc-59c"/>
      </symbol>
      <symbol id="sm-648">
         <name>Graphics_setFont</name>
         <value>0xb636</value>
         <object_component_ref idref="oc-5a5"/>
      </symbol>
      <symbol id="sm-649">
         <name>Graphics_initContext</name>
         <value>0xb276</value>
         <object_component_ref idref="oc-590"/>
      </symbol>
      <symbol id="sm-64a">
         <name>Graphics_drawPixel</name>
         <value>0xb36a</value>
         <object_component_ref idref="oc-5ca"/>
      </symbol>
      <symbol id="sm-64b">
         <name>Graphics_setForegroundColor</name>
         <value>0xb482</value>
         <object_component_ref idref="oc-596"/>
      </symbol>
      <symbol id="sm-64c">
         <name>Graphics_flushBuffer</name>
         <value>0xb5c2</value>
         <object_component_ref idref="oc-5b1"/>
      </symbol>
      <symbol id="sm-64d">
         <name>Graphics_clearDisplay</name>
         <value>0xb530</value>
         <object_component_ref idref="oc-5ab"/>
      </symbol>
      <symbol id="sm-68a">
         <name>Graphics_clearDisplayOnDisplay</name>
         <value>0xb540</value>
         <object_component_ref idref="oc-722"/>
      </symbol>
      <symbol id="sm-68b">
         <name>Graphics_flushOnDisplay</name>
         <value>0xb56a</value>
         <object_component_ref idref="oc-729"/>
      </symbol>
      <symbol id="sm-68c">
         <name>Graphics_drawPixelOnDisplay</name>
         <value>0xb54e</value>
         <object_component_ref idref="oc-74e"/>
      </symbol>
      <symbol id="sm-68d">
         <name>Graphics_translateColorOnDisplay</name>
         <value>0xb578</value>
         <object_component_ref idref="oc-713"/>
      </symbol>
      <symbol id="sm-68e">
         <name>Graphics_drawHorizontalLineOnDisplay</name>
         <value>0xb41c</value>
         <object_component_ref idref="oc-838"/>
      </symbol>
      <symbol id="sm-68f">
         <name>Graphics_drawVerticalLineOnDisplay</name>
         <value>0xb436</value>
         <object_component_ref idref="oc-84f"/>
      </symbol>
      <symbol id="sm-690">
         <name>Graphics_drawMultiplePixelsOnDisplay</name>
         <value>0xb2b0</value>
         <object_component_ref idref="oc-7a4"/>
      </symbol>
      <symbol id="sm-691">
         <name>Graphics_fillRectangleOnDisplay</name>
         <value>0xb55c</value>
         <object_component_ref idref="oc-782"/>
      </symbol>
      <symbol id="sm-6c2">
         <name>Graphics_drawImage</name>
         <value>0xa1e6</value>
         <object_component_ref idref="oc-606"/>
      </symbol>
      <symbol id="sm-734">
         <name>Graphics_drawLineH</name>
         <value>0xa5de</value>
         <object_component_ref idref="oc-748"/>
      </symbol>
      <symbol id="sm-735">
         <name>Graphics_drawLineV</name>
         <value>0xa6b6</value>
         <object_component_ref idref="oc-76f"/>
      </symbol>
      <symbol id="sm-736">
         <name>Graphics_drawLine</name>
         <value>0x9d10</value>
         <object_component_ref idref="oc-5d0"/>
      </symbol>
      <symbol id="sm-754">
         <name>Graphics_drawRectangle</name>
         <value>0xa3ec</value>
         <object_component_ref idref="oc-5f1"/>
      </symbol>
      <symbol id="sm-755">
         <name>Graphics_fillRectangle</name>
         <value>0xa9b4</value>
         <object_component_ref idref="oc-5fa"/>
      </symbol>
      <symbol id="sm-7c3">
         <name>Graphics_drawStringCentered</name>
         <value>0xabfa</value>
         <object_component_ref idref="oc-5b8"/>
      </symbol>
      <symbol id="sm-7c4">
         <name>Graphics_drawString</name>
         <value>0x893a</value>
         <object_component_ref idref="oc-5be"/>
      </symbol>
      <symbol id="sm-7c5">
         <name>Graphics_getStringWidth</name>
         <value>0xa84e</value>
         <object_component_ref idref="oc-730"/>
      </symbol>
      <symbol id="sm-7f5">
         <name>HAL_LCD_clearCS</name>
         <value>0xb594</value>
         <object_component_ref idref="oc-564"/>
      </symbol>
      <symbol id="sm-7f6">
         <name>HAL_LCD_waitUntilLcdWriteFinish</name>
         <value>0xb586</value>
         <object_component_ref idref="oc-55e"/>
      </symbol>
      <symbol id="sm-7f7">
         <name>HAL_LCD_initDisplay</name>
         <value>0xab7e</value>
         <object_component_ref idref="oc-584"/>
      </symbol>
      <symbol id="sm-7f8">
         <name>HAL_LCD_writeCommandOrData</name>
         <value>0xb3de</value>
         <object_component_ref idref="oc-558"/>
      </symbol>
      <symbol id="sm-7f9">
         <name>HAL_LCD_setCS</name>
         <value>0xb5a0</value>
         <object_component_ref idref="oc-552"/>
      </symbol>
      <symbol id="sm-891">
         <name>DisplayBuffer</name>
         <value>0x2000</value>
      </symbol>
      <symbol id="sm-892">
         <name>VCOMbit</name>
         <value>0x2c30</value>
         <object_component_ref idref="oc-54f"/>
      </symbol>
      <symbol id="sm-893">
         <name>flagSendToggleVCOMCommand</name>
         <value>0x2c31</value>
         <object_component_ref idref="oc-54f"/>
      </symbol>
      <symbol id="sm-894">
         <name>Sharp128x128_SendToggleVCOMCommand</name>
         <value>0xb0c2</value>
         <object_component_ref idref="oc-50f"/>
      </symbol>
      <symbol id="sm-895">
         <name>reverse_data</name>
         <value>0x88ec</value>
         <object_component_ref idref="oc-8ac"/>
      </symbol>
      <symbol id="sm-896">
         <name>g_sharp128x128LCD</name>
         <value>0x8894</value>
         <object_component_ref idref="oc-58d"/>
      </symbol>
      <symbol id="sm-8c5">
         <name>EUSCI_B_SPI_isBusy</name>
         <value>0xb5b8</value>
         <object_component_ref idref="oc-66f"/>
      </symbol>
      <symbol id="sm-8c6">
         <name>EUSCI_B_SPI_getInterruptStatus</name>
         <value>0xb608</value>
         <object_component_ref idref="oc-662"/>
      </symbol>
      <symbol id="sm-8c7">
         <name>EUSCI_B_SPI_enable</name>
         <value>0xb630</value>
         <object_component_ref idref="oc-6bf"/>
      </symbol>
      <symbol id="sm-8c8">
         <name>EUSCI_B_SPI_transmitData</name>
         <value>0xb610</value>
         <object_component_ref idref="oc-668"/>
      </symbol>
      <symbol id="sm-8c9">
         <name>EUSCI_B_SPI_initMaster</name>
         <value>0xaf18</value>
         <object_component_ref idref="oc-6b9"/>
      </symbol>
      <symbol id="sm-8f8">
         <name>GPIO_setOutputHighOnPin</name>
         <value>0xb4b2</value>
         <object_component_ref idref="oc-65b"/>
      </symbol>
      <symbol id="sm-8f9">
         <name>GPIO_setAsOutputPin</name>
         <value>0xb3fe</value>
         <object_component_ref idref="oc-67e"/>
      </symbol>
      <symbol id="sm-8fa">
         <name>GPIO_setOutputLowOnPin</name>
         <value>0xb4c8</value>
         <object_component_ref idref="oc-676"/>
      </symbol>
      <symbol id="sm-8fb">
         <name>GPIO_setAsPeripheralModuleFunctionOutputPin</name>
         <value>0xb042</value>
         <object_component_ref idref="oc-6b0"/>
      </symbol>
      <symbol id="sm-907">
         <name>PMM_unlockLPM5</name>
         <value>0xb63c</value>
         <object_component_ref idref="oc-684"/>
      </symbol>
      <symbol id="sm-95b">
         <name>Timer_B_clear</name>
         <value>0xb642</value>
         <object_component_ref idref="oc-75b"/>
      </symbol>
      <symbol id="sm-95c">
         <name>Timer_B_getCaptureCompareCount</name>
         <value>0xb620</value>
         <object_component_ref idref="oc-4f6"/>
      </symbol>
      <symbol id="sm-95d">
         <name>Timer_B_setCompareValue</name>
         <value>0xb628</value>
         <object_component_ref idref="oc-4fc"/>
      </symbol>
      <symbol id="sm-95e">
         <name>Timer_B_enableCaptureCompareInterrupt</name>
         <value>0xb5ea</value>
         <object_component_ref idref="oc-755"/>
      </symbol>
      <symbol id="sm-95f">
         <name>Timer_B_initCompareMode</name>
         <value>0xb2e6</value>
         <object_component_ref idref="oc-69e"/>
      </symbol>
      <symbol id="sm-960">
         <name>Timer_B_clearTimerInterrupt</name>
         <value>0xb648</value>
         <object_component_ref idref="oc-508"/>
      </symbol>
      <symbol id="sm-961">
         <name>Timer_B_startCounter</name>
         <value>0xb64e</value>
         <object_component_ref idref="oc-6a4"/>
      </symbol>
      <symbol id="sm-962">
         <name>Timer_B_disableCaptureCompareInterrupt</name>
         <value>0xb5e0</value>
         <object_component_ref idref="oc-761"/>
      </symbol>
      <symbol id="sm-963">
         <name>Timer_B_initUpMode</name>
         <value>0xae12</value>
         <object_component_ref idref="oc-695"/>
      </symbol>
      <symbol id="sm-964">
         <name>Timer_B_clearCaptureCompareInterrupt</name>
         <value>0xb618</value>
         <object_component_ref idref="oc-502"/>
      </symbol>
      <symbol id="sm-96e">
         <name>WDT_A_hold</name>
         <value>0xb4de</value>
         <object_component_ref idref="oc-56b"/>
      </symbol>
      <symbol id="sm-984">
         <name>LPRocket_96x37_1BPP_UNCOMP</name>
         <value>0x890a</value>
         <object_component_ref idref="oc-603"/>
      </symbol>
      <symbol id="sm-99a">
         <name>TI_Logo_69x64_1BPP_UNCOMP</name>
         <value>0x8916</value>
         <object_component_ref idref="oc-60c"/>
      </symbol>
      <symbol id="sm-9bb">
         <name>__TI_decompress_lzss</name>
         <value>0xa4f0</value>
         <object_component_ref idref="oc-66"/>
      </symbol>
      <symbol id="sm-9cc">
         <name>__TI_decompress_none</name>
         <value>0xb23a</value>
         <object_component_ref idref="oc-6c"/>
      </symbol>
      <symbol id="sm-9cf">
         <name>__TI_int22</name>
         <value>0xffce</value>
         <object_component_ref idref="oc-72"/>
      </symbol>
      <symbol id="sm-9d7">
         <name>__TI_ISR_TRAP</name>
         <value>0xb6f4</value>
         <object_component_ref idref="oc-49b"/>
      </symbol>
      <symbol id="sm-9da">
         <name>__TI_int23</name>
         <value>0xffd0</value>
         <object_component_ref idref="oc-73"/>
      </symbol>
      <symbol id="sm-9dd">
         <name>__TI_int24</name>
         <value>0xffd2</value>
         <object_component_ref idref="oc-74"/>
      </symbol>
      <symbol id="sm-9e0">
         <name>__TI_int25</name>
         <value>0xffd4</value>
         <object_component_ref idref="oc-75"/>
      </symbol>
      <symbol id="sm-9e3">
         <name>__TI_int26</name>
         <value>0xffd6</value>
         <object_component_ref idref="oc-76"/>
      </symbol>
      <symbol id="sm-9e6">
         <name>__TI_int27</name>
         <value>0xffd8</value>
         <object_component_ref idref="oc-77"/>
      </symbol>
      <symbol id="sm-9e9">
         <name>__TI_int28</name>
         <value>0xffda</value>
         <object_component_ref idref="oc-78"/>
      </symbol>
      <symbol id="sm-9ec">
         <name>__TI_int29</name>
         <value>0xffdc</value>
         <object_component_ref idref="oc-79"/>
      </symbol>
      <symbol id="sm-9ef">
         <name>__TI_int30</name>
         <value>0xffde</value>
         <object_component_ref idref="oc-7a"/>
      </symbol>
      <symbol id="sm-9f2">
         <name>__TI_int31</name>
         <value>0xffe0</value>
         <object_component_ref idref="oc-7b"/>
      </symbol>
      <symbol id="sm-9f5">
         <name>__TI_int32</name>
         <value>0xffe2</value>
         <object_component_ref idref="oc-7c"/>
      </symbol>
      <symbol id="sm-9f8">
         <name>__TI_int33</name>
         <value>0xffe4</value>
         <object_component_ref idref="oc-7d"/>
      </symbol>
      <symbol id="sm-9fb">
         <name>__TI_int34</name>
         <value>0xffe6</value>
         <object_component_ref idref="oc-7e"/>
      </symbol>
      <symbol id="sm-9fe">
         <name>__TI_int35</name>
         <value>0xffe8</value>
         <object_component_ref idref="oc-7f"/>
      </symbol>
      <symbol id="sm-a01">
         <name>__TI_int36</name>
         <value>0xffea</value>
         <object_component_ref idref="oc-80"/>
      </symbol>
      <symbol id="sm-a04">
         <name>__TI_int37</name>
         <value>0xffec</value>
         <object_component_ref idref="oc-81"/>
      </symbol>
      <symbol id="sm-a07">
         <name>__TI_int38</name>
         <value>0xffee</value>
         <object_component_ref idref="oc-82"/>
      </symbol>
      <symbol id="sm-a0a">
         <name>__TI_int39</name>
         <value>0xfff0</value>
         <object_component_ref idref="oc-83"/>
      </symbol>
      <symbol id="sm-a0d">
         <name>__TI_int42</name>
         <value>0xfff6</value>
         <object_component_ref idref="oc-86"/>
      </symbol>
      <symbol id="sm-a10">
         <name>__TI_int43</name>
         <value>0xfff8</value>
         <object_component_ref idref="oc-87"/>
      </symbol>
      <symbol id="sm-a13">
         <name>__TI_int44</name>
         <value>0xfffa</value>
         <object_component_ref idref="oc-88"/>
      </symbol>
      <symbol id="sm-a16">
         <name>__TI_int45</name>
         <value>0xfffc</value>
         <object_component_ref idref="oc-89"/>
      </symbol>
      <symbol id="sm-a26">
         <name>__TI_zero_init</name>
         <value>0xb1c0</value>
         <object_component_ref idref="oc-4b2"/>
      </symbol>
      <symbol id="sm-a31">
         <name>__memcpy_far</name>
         <value>0xb102</value>
         <object_component_ref idref="oc-48f"/>
      </symbol>
      <symbol id="sm-a3d">
         <name>__mspabi_remi</name>
         <value>0xb314</value>
         <object_component_ref idref="oc-79f"/>
      </symbol>
      <symbol id="sm-a3e">
         <name>__mspabi_divi</name>
         <value>0xb314</value>
         <object_component_ref idref="oc-79f"/>
      </symbol>
      <symbol id="sm-a4a">
         <name>__mspabi_remli</name>
         <value>0xb142</value>
         <object_component_ref idref="oc-736"/>
      </symbol>
      <symbol id="sm-a4b">
         <name>__mspabi_divli</name>
         <value>0xb142</value>
         <object_component_ref idref="oc-736"/>
      </symbol>
      <symbol id="sm-a55">
         <name>__mspabi_remu</name>
         <value>0xb4f4</value>
         <object_component_ref idref="oc-868"/>
      </symbol>
      <symbol id="sm-a56">
         <name>__mspabi_divu</name>
         <value>0xb4f4</value>
         <object_component_ref idref="oc-868"/>
      </symbol>
      <symbol id="sm-a64">
         <name>__mspabi_remul</name>
         <value>0xae6e</value>
         <object_component_ref idref="oc-805"/>
      </symbol>
      <symbol id="sm-a65">
         <name>__mspabi_divul</name>
         <value>0xae6e</value>
         <object_component_ref idref="oc-805"/>
      </symbol>
      <symbol id="sm-a6e">
         <name>__mspabi_mpyi_f5hw</name>
         <value>0xb49a</value>
         <object_component_ref idref="oc-79a"/>
      </symbol>
      <symbol id="sm-a77">
         <name>__mspabi_mpyl_f5hw</name>
         <value>0xb3ba</value>
         <object_component_ref idref="oc-849"/>
      </symbol>
      <symbol id="sm-a83">
         <name>__mspabi_slli</name>
         <value>0xb5fe</value>
         <object_component_ref idref="oc-73d"/>
      </symbol>
      <symbol id="sm-a8c">
         <name>__mspabi_srai</name>
         <value>0xb5f4</value>
         <object_component_ref idref="oc-80f"/>
      </symbol>
      <symbol id="sm-a9d">
         <name>_c_int00_noargs_mpu</name>
         <value>0xb6d4</value>
         <object_component_ref idref="oc-4d6"/>
      </symbol>
      <symbol id="sm-a9e">
         <name>_stack</name>
         <value>0x2f60</value>
         <object_component_ref idref="oc-480"/>
      </symbol>
      <symbol id="sm-a9f">
         <name>_reset_vector</name>
         <value>0xfffe</value>
         <object_component_ref idref="oc-483"/>
      </symbol>
      <symbol id="sm-aad">
         <name>__mpu_init</name>
         <value>0xb1fe</value>
         <object_component_ref idref="oc-535"/>
      </symbol>
      <symbol id="sm-ad0">
         <name>__TI_auto_init_nobinit_nopinit_hold_wdt</name>
         <value>0xace4</value>
         <object_component_ref idref="oc-634"/>
      </symbol>
      <symbol id="sm-ad9">
         <name>_system_post_cinit</name>
         <value>0xb65a</value>
         <object_component_ref idref="oc-7c7"/>
      </symbol>
      <symbol id="sm-ae9">
         <name>C$$EXIT</name>
         <value>0xb654</value>
         <object_component_ref idref="oc-610"/>
      </symbol>
      <symbol id="sm-aea">
         <name>abort</name>
         <value>0xb654</value>
         <object_component_ref idref="oc-610"/>
      </symbol>
      <symbol id="sm-afa">
         <name>memcpy</name>
         <value>0xb51e</value>
         <object_component_ref idref="oc-68f"/>
      </symbol>
   </symbol_table>
   <title>Link successful</title>
</link_info>
